
Memory Configuration

Name             Origin             Length             Attributes
FLASH            0x08000000         0x00010000         xr
RAM              0x20000000         0x00005000         xrw
*default*        0x00000000         0xffffffff

Linker script and memory map

LOAD C:\Users\PHUCLU~1\AppData\Local\Temp\ccEJ1iM5.o
LOAD C:\Users\PHUCLU~1\AppData\Local\Temp\cca9T9BJ.o
LOAD C:\Users\PHUCLU~1\AppData\Local\Temp\ccWgRnNq.o
LOAD C:\Users\PHUCLU~1\AppData\Local\Temp\ccc2yFdp.o
LOAD C:\Users\PHUCLU~1\AppData\Local\Temp\ccTYbBbq.o
LOAD C:\Users\PHUCLU~1\AppData\Local\Temp\cci6SLAy.o
LOAD C:\Users\PHUCLU~1\AppData\Local\Temp\ccdMxsFO.o
LOAD C:\Users\PHUCLU~1\AppData\Local\Temp\ccgWdnU8.o
LOAD C:\Users\PHUCLU~1\AppData\Local\Temp\ccTGTSuB.o
LOAD C:\Users\PHUCLU~1\AppData\Local\Temp\cc84XVg9.o
LOAD C:\Users\PHUCLU~1\AppData\Local\Temp\ccTNorKQ.o
LOAD C:\Users\PHUCLU~1\AppData\Local\Temp\ccQiZgTE.o
LOAD C:\Users\PHUCLU~1\AppData\Local\Temp\cc7F0YiA.o
LOAD C:\Users\PHUCLU~1\AppData\Local\Temp\ccEJn9Fz.o
LOAD C:\Users\PHUCLU~1\AppData\Local\Temp\cc99SjYJ.o
LOAD C:\Users\PHUCLU~1\AppData\Local\Temp\cchaPGrN.o
LOAD C:\Users\PHUCLU~1\AppData\Local\Temp\ccNC7weV.o
LOAD C:\Users\PHUCLU~1\AppData\Local\Temp\ccXp0jK7.o

.isr_vector     0x08000000       0xe4
                0x08000000                . = ALIGN (0x4)
 *(.isr_vector)
 .isr_vector    0x08000000       0xe4 C:\Users\PHUCLU~1\AppData\Local\Temp\ccEJ1iM5.o
                0x08000000                g_pfnVectors
                0x080000e4                . = ALIGN (0x4)

.text           0x080000e4     0x23b8
                0x080000e4                . = ALIGN (0x4)
 *(.text)
 .text          0x080000e4       0x64 C:\Users\PHUCLU~1\AppData\Local\Temp\ccEJ1iM5.o
                0x080000e4                Reset_Handler
                0x08000140                HardFault_Handler
                0x08000140                SysTick_Handler
                0x08000140                PVD_IRQHandler
                0x08000140                PendSV_Handler
                0x08000140                NMI_Handler
                0x08000140                EXTI0_IRQHandler
                0x08000140                UsageFault_Handler
                0x08000140                DebugMon_Handler
                0x08000140                TIM3_IRQHandler
                0x08000140                Default_Handler
                0x08000140                EXTI15_10_IRQHandler
                0x08000140                MemManage_Handler
                0x08000140                SVC_Handler
                0x08000140                WWDG_IRQHandler
                0x08000140                TIM2_IRQHandler
                0x08000140                EXTI1_IRQHandler
                0x08000140                BusFault_Handler
                0x08000140                USART1_IRQHandler
 .text          0x08000148       0x54 C:\Users\PHUCLU~1\AppData\Local\Temp\cca9T9BJ.o
                0x08000148                delay
                0x08000168                main
 .text          0x0800019c      0x2c8 C:\Users\PHUCLU~1\AppData\Local\Temp\ccWgRnNq.o
                0x0800019c                Dio_ReadChannel
                0x080001e8                Dio_WriteChannel
                0x08000278                Dio_ReadPort
                0x0800029c                Dio_WritePort
                0x080002c8                Dio_ReadChannelGroup
                0x08000304                Dio_WriteChannelGroup
                0x0800035c                Dio_GetVersionInfo
                0x08000394                Dio_FlipChannel
                0x08000410                Dio_MaskedWritePort
 .text          0x08000464        0x0 C:\Users\PHUCLU~1\AppData\Local\Temp\ccc2yFdp.o
 .text          0x08000464      0x808 C:\Users\PHUCLU~1\AppData\Local\Temp\ccTYbBbq.o
                0x08000464                Port_Init
                0x08000640                Port_SetPinDirection
                0x080008e8                Port_RefreshPortDirection
                0x08000adc                Port_GetVersionInfo
                0x08000aee                Port_SetPinMode
 .text          0x08000c6c        0x0 C:\Users\PHUCLU~1\AppData\Local\Temp\cci6SLAy.o
 .text          0x08000c6c      0x730 C:\Users\PHUCLU~1\AppData\Local\Temp\ccdMxsFO.o
                0x08000cb0                Pwm_Init
                0x08001130                Pwm_DeInit
                0x0800114c                Pwm_SetDutyCycle
                0x08001208                Pwm_SetPeriodAndDuty
                0x080012d0                Pwm_SetOutputToIdle
                0x08001334                Pwm_GetOutputState
 .text          0x0800139c        0x0 C:\Users\PHUCLU~1\AppData\Local\Temp\ccgWdnU8.o
 .text          0x0800139c      0xc14 C:\Users\PHUCLU~1\AppData\Local\Temp\ccTGTSuB.o
                0x0800141c                Adc_Init
                0x08001520                Adc_DeInit
                0x0800155c                Adc_SetupResultBuffer
                0x08001670                Adc_StartGroupConversion
                0x08001c50                Adc_StopGroupConversion
                0x08001c94                Adc_ReadGroup
                0x08001d64                Adc_EnableHardwareTrigger
                0x08001df0                Adc_DisableHardwareTrigger
                0x08001e78                Adc_EnableGroupNotification
                0x08001f04                Adc_DisableGroupNotification
                0x08001f90                Adc_GetGroupStatus
 .text          0x08001fb0        0x0 C:\Users\PHUCLU~1\AppData\Local\Temp\cc84XVg9.o
 .text          0x08001fb0      0x2f8 C:\Users\PHUCLU~1\AppData\Local\Temp\ccTNorKQ.o
                0x08001fb0                Mcu_Init
                0x08002040                Mcu_InitClock
                0x080021d4                Mcu_InitRamSection
                0x080021ea                Mcu_SetMode
 .text          0x080022a8        0x0 C:\Users\PHUCLU~1\AppData\Local\Temp\ccQiZgTE.o
 .text          0x080022a8       0xc4 C:\Users\PHUCLU~1\AppData\Local\Temp\cc7F0YiA.o
                0x080022a8                Can_Init
                0x08002310                Can_DeInit
                0x08002334                Can_SetBaudrate
 .text          0x0800236c        0x0 C:\Users\PHUCLU~1\AppData\Local\Temp\ccEJn9Fz.o
 .text          0x0800236c       0x18 C:\Users\PHUCLU~1\AppData\Local\Temp\cc99SjYJ.o
                0x0800236c                ADC1_2_IRQHandler
 .text          0x08002384        0x0 C:\Users\PHUCLU~1\AppData\Local\Temp\cchaPGrN.o
 .text          0x08002384       0xb8 C:\Users\PHUCLU~1\AppData\Local\Temp\ccNC7weV.o
                0x08002384                IoHwAb_InitIoHwAbSensor
                0x080023b0                IoHwAb_InitIoHwAbActuator
                0x080023dc                IoHwAb_Dcm_Sensor
                0x08002414                IoHwAb_Dcm_Actuator
 .text          0x0800243c        0x0 C:\Users\PHUCLU~1\AppData\Local\Temp\ccXp0jK7.o
 *(.text*)
 *(.rodata)
 .rodata        0x0800243c       0x28 C:\Users\PHUCLU~1\AppData\Local\Temp\cci6SLAy.o
                0x0800243c                Port_Configuration
 .rodata        0x08002464       0x28 C:\Users\PHUCLU~1\AppData\Local\Temp\cc84XVg9.o
                0x08002464                Adc_Configuration
 .rodata        0x0800248c       0x10 C:\Users\PHUCLU~1\AppData\Local\Temp\ccEJn9Fz.o
                0x0800248c                CAN_Controllers
                0x08002494                CanConfig
 *(.rodata*)
                0x0800249c                . = ALIGN (0x4)
                0x0800249c                _etext = .

.glue_7         0x0800249c        0x0
 .glue_7        0x0800249c        0x0 linker stubs

.glue_7t        0x0800249c        0x0
 .glue_7t       0x0800249c        0x0 linker stubs

.vfp11_veneer   0x0800249c        0x0
 .vfp11_veneer  0x0800249c        0x0 linker stubs

.v4_bx          0x0800249c        0x0
 .v4_bx         0x0800249c        0x0 linker stubs

.iplt           0x0800249c        0x0
 .iplt          0x0800249c        0x0 C:\Users\PHUCLU~1\AppData\Local\Temp\ccEJ1iM5.o

.rel.dyn        0x0800249c        0x0
 .rel.iplt      0x0800249c        0x0 C:\Users\PHUCLU~1\AppData\Local\Temp\ccEJ1iM5.o

.data           0x20000000       0x74 load address 0x0800249c
                0x20000000                . = ALIGN (0x4)
                0x20000000                _sdata = .
 *(.data)
 .data          0x20000000        0x0 C:\Users\PHUCLU~1\AppData\Local\Temp\ccEJ1iM5.o
 .data          0x20000000        0x0 C:\Users\PHUCLU~1\AppData\Local\Temp\cca9T9BJ.o
 .data          0x20000000       0x10 C:\Users\PHUCLU~1\AppData\Local\Temp\ccWgRnNq.o
 .data          0x20000010        0xc C:\Users\PHUCLU~1\AppData\Local\Temp\ccc2yFdp.o
                0x20000010                Dio_Config
 .data          0x2000001c       0x10 C:\Users\PHUCLU~1\AppData\Local\Temp\ccTYbBbq.o
 .data          0x2000002c        0x0 C:\Users\PHUCLU~1\AppData\Local\Temp\cci6SLAy.o
 .data          0x2000002c        0x0 C:\Users\PHUCLU~1\AppData\Local\Temp\ccdMxsFO.o
 .data          0x2000002c        0xa C:\Users\PHUCLU~1\AppData\Local\Temp\ccgWdnU8.o
                0x2000002c                Pwm_Configuration
 *fill*         0x20000036        0x2 
 .data          0x20000038        0x8 C:\Users\PHUCLU~1\AppData\Local\Temp\ccTGTSuB.o
 .data          0x20000040        0xe C:\Users\PHUCLU~1\AppData\Local\Temp\cc84XVg9.o
 .data          0x2000004e        0x0 C:\Users\PHUCLU~1\AppData\Local\Temp\ccTNorKQ.o
 *fill*         0x2000004e        0x2 
 .data          0x20000050       0x1c C:\Users\PHUCLU~1\AppData\Local\Temp\ccQiZgTE.o
                0x20000050                PrehiralConfig
                0x2000005c                Mcu_Clock_Configuration
                0x20000064                Mcu_Configuration
 .data          0x2000006c        0x0 C:\Users\PHUCLU~1\AppData\Local\Temp\cc7F0YiA.o
 .data          0x2000006c        0x0 C:\Users\PHUCLU~1\AppData\Local\Temp\ccEJn9Fz.o
 .data          0x2000006c        0x0 C:\Users\PHUCLU~1\AppData\Local\Temp\cc99SjYJ.o
 .data          0x2000006c        0x0 C:\Users\PHUCLU~1\AppData\Local\Temp\cchaPGrN.o
 .data          0x2000006c        0x0 C:\Users\PHUCLU~1\AppData\Local\Temp\ccNC7weV.o
 .data          0x2000006c        0x8 C:\Users\PHUCLU~1\AppData\Local\Temp\ccXp0jK7.o
                0x2000006c                SensorConfigType
                0x20000070                ActuatorConfigType
 *(.data*)
                0x20000074                . = ALIGN (0x4)
                0x20000074                _edata = .
                0x0800249c                _sidata = LOADADDR (.data)

.igot.plt       0x20000074        0x0 load address 0x08002510
 .igot.plt      0x20000074        0x0 C:\Users\PHUCLU~1\AppData\Local\Temp\ccEJ1iM5.o

.bss            0x20000074       0x24 load address 0x08002510
                0x20000074                . = ALIGN (0x4)
                0x20000074                _sbss = .
 *(.bss)
 .bss           0x20000074        0x0 C:\Users\PHUCLU~1\AppData\Local\Temp\ccEJ1iM5.o
 .bss           0x20000074        0x0 C:\Users\PHUCLU~1\AppData\Local\Temp\cca9T9BJ.o
 .bss           0x20000074        0x4 C:\Users\PHUCLU~1\AppData\Local\Temp\ccWgRnNq.o
 .bss           0x20000078        0x0 C:\Users\PHUCLU~1\AppData\Local\Temp\ccc2yFdp.o
 .bss           0x20000078        0x0 C:\Users\PHUCLU~1\AppData\Local\Temp\ccTYbBbq.o
 .bss           0x20000078        0x0 C:\Users\PHUCLU~1\AppData\Local\Temp\cci6SLAy.o
 .bss           0x20000078        0x0 C:\Users\PHUCLU~1\AppData\Local\Temp\ccdMxsFO.o
 .bss           0x20000078        0x0 C:\Users\PHUCLU~1\AppData\Local\Temp\ccgWdnU8.o
 .bss           0x20000078        0xc C:\Users\PHUCLU~1\AppData\Local\Temp\ccTGTSuB.o
 .bss           0x20000084       0x10 C:\Users\PHUCLU~1\AppData\Local\Temp\cc84XVg9.o
                0x2000008c                adcValue0
                0x20000090                adcValue1
 .bss           0x20000094        0x0 C:\Users\PHUCLU~1\AppData\Local\Temp\ccTNorKQ.o
 .bss           0x20000094        0x0 C:\Users\PHUCLU~1\AppData\Local\Temp\ccQiZgTE.o
 .bss           0x20000094        0x0 C:\Users\PHUCLU~1\AppData\Local\Temp\cc7F0YiA.o
 .bss           0x20000094        0x0 C:\Users\PHUCLU~1\AppData\Local\Temp\ccEJn9Fz.o
 .bss           0x20000094        0x0 C:\Users\PHUCLU~1\AppData\Local\Temp\cc99SjYJ.o
 .bss           0x20000094        0x1 C:\Users\PHUCLU~1\AppData\Local\Temp\cchaPGrN.o
                0x20000094                SystemFlags
 .bss           0x20000095        0x0 C:\Users\PHUCLU~1\AppData\Local\Temp\ccNC7weV.o
 .bss           0x20000095        0x0 C:\Users\PHUCLU~1\AppData\Local\Temp\ccXp0jK7.o
 *(.bss*)
 *(COMMON)
                0x20000098                . = ALIGN (0x4)
 *fill*         0x20000095        0x3 
                0x20000098                _ebss = .
                0x20000098                _sheap = .
                0x20005000                _estack = (ORIGIN (RAM) + LENGTH (RAM))
OUTPUT(firmware.elf elf32-littlearm)
LOAD linker stubs

.debug_info     0x00000000     0x3c7b
 .debug_info    0x00000000      0x14c C:\Users\PHUCLU~1\AppData\Local\Temp\ccEJ1iM5.o
 .debug_info    0x0000014c      0x303 C:\Users\PHUCLU~1\AppData\Local\Temp\cca9T9BJ.o
 .debug_info    0x0000044f      0x490 C:\Users\PHUCLU~1\AppData\Local\Temp\ccWgRnNq.o
 .debug_info    0x000008df      0x12b C:\Users\PHUCLU~1\AppData\Local\Temp\ccc2yFdp.o
 .debug_info    0x00000a0a      0x3b5 C:\Users\PHUCLU~1\AppData\Local\Temp\ccTYbBbq.o
 .debug_info    0x00000dbf      0x160 C:\Users\PHUCLU~1\AppData\Local\Temp\cci6SLAy.o
 .debug_info    0x00000f1f      0x4f6 C:\Users\PHUCLU~1\AppData\Local\Temp\ccdMxsFO.o
 .debug_info    0x00001415      0x1ca C:\Users\PHUCLU~1\AppData\Local\Temp\ccgWdnU8.o
 .debug_info    0x000015df      0xb7d C:\Users\PHUCLU~1\AppData\Local\Temp\ccTGTSuB.o
 .debug_info    0x0000215c      0x398 C:\Users\PHUCLU~1\AppData\Local\Temp\cc84XVg9.o
 .debug_info    0x000024f4      0x521 C:\Users\PHUCLU~1\AppData\Local\Temp\ccTNorKQ.o
 .debug_info    0x00002a15      0x205 C:\Users\PHUCLU~1\AppData\Local\Temp\ccQiZgTE.o
 .debug_info    0x00002c1a      0x442 C:\Users\PHUCLU~1\AppData\Local\Temp\cc7F0YiA.o
 .debug_info    0x0000305c      0x3bb C:\Users\PHUCLU~1\AppData\Local\Temp\ccEJn9Fz.o
 .debug_info    0x00003417       0xda C:\Users\PHUCLU~1\AppData\Local\Temp\cc99SjYJ.o
 .debug_info    0x000034f1       0xce C:\Users\PHUCLU~1\AppData\Local\Temp\cchaPGrN.o
 .debug_info    0x000035bf      0x520 C:\Users\PHUCLU~1\AppData\Local\Temp\ccNC7weV.o
 .debug_info    0x00003adf      0x19c C:\Users\PHUCLU~1\AppData\Local\Temp\ccXp0jK7.o

.debug_abbrev   0x00000000     0x117c
 .debug_abbrev  0x00000000       0xcf C:\Users\PHUCLU~1\AppData\Local\Temp\ccEJ1iM5.o
 .debug_abbrev  0x000000cf       0xf6 C:\Users\PHUCLU~1\AppData\Local\Temp\cca9T9BJ.o
 .debug_abbrev  0x000001c5      0x14b C:\Users\PHUCLU~1\AppData\Local\Temp\ccWgRnNq.o
 .debug_abbrev  0x00000310       0x8b C:\Users\PHUCLU~1\AppData\Local\Temp\ccc2yFdp.o
 .debug_abbrev  0x0000039b      0x170 C:\Users\PHUCLU~1\AppData\Local\Temp\ccTYbBbq.o
 .debug_abbrev  0x0000050b       0xa8 C:\Users\PHUCLU~1\AppData\Local\Temp\cci6SLAy.o
 .debug_abbrev  0x000005b3      0x165 C:\Users\PHUCLU~1\AppData\Local\Temp\ccdMxsFO.o
 .debug_abbrev  0x00000718       0xac C:\Users\PHUCLU~1\AppData\Local\Temp\ccgWdnU8.o
 .debug_abbrev  0x000007c4      0x236 C:\Users\PHUCLU~1\AppData\Local\Temp\ccTGTSuB.o
 .debug_abbrev  0x000009fa       0xc6 C:\Users\PHUCLU~1\AppData\Local\Temp\cc84XVg9.o
 .debug_abbrev  0x00000ac0      0x11a C:\Users\PHUCLU~1\AppData\Local\Temp\ccTNorKQ.o
 .debug_abbrev  0x00000bda       0xb9 C:\Users\PHUCLU~1\AppData\Local\Temp\ccQiZgTE.o
 .debug_abbrev  0x00000c93      0x15c C:\Users\PHUCLU~1\AppData\Local\Temp\cc7F0YiA.o
 .debug_abbrev  0x00000def      0x102 C:\Users\PHUCLU~1\AppData\Local\Temp\ccEJn9Fz.o
 .debug_abbrev  0x00000ef1       0x86 C:\Users\PHUCLU~1\AppData\Local\Temp\cc99SjYJ.o
 .debug_abbrev  0x00000f77       0x77 C:\Users\PHUCLU~1\AppData\Local\Temp\cchaPGrN.o
 .debug_abbrev  0x00000fee       0xed C:\Users\PHUCLU~1\AppData\Local\Temp\ccNC7weV.o
 .debug_abbrev  0x000010db       0xa1 C:\Users\PHUCLU~1\AppData\Local\Temp\ccXp0jK7.o

.debug_aranges  0x00000000      0x200
 .debug_aranges
                0x00000000       0x20 C:\Users\PHUCLU~1\AppData\Local\Temp\ccEJ1iM5.o
 .debug_aranges
                0x00000020       0x20 C:\Users\PHUCLU~1\AppData\Local\Temp\cca9T9BJ.o
 .debug_aranges
                0x00000040       0x20 C:\Users\PHUCLU~1\AppData\Local\Temp\ccWgRnNq.o
 .debug_aranges
                0x00000060       0x18 C:\Users\PHUCLU~1\AppData\Local\Temp\ccc2yFdp.o
 .debug_aranges
                0x00000078       0x20 C:\Users\PHUCLU~1\AppData\Local\Temp\ccTYbBbq.o
 .debug_aranges
                0x00000098       0x18 C:\Users\PHUCLU~1\AppData\Local\Temp\cci6SLAy.o
 .debug_aranges
                0x000000b0       0x20 C:\Users\PHUCLU~1\AppData\Local\Temp\ccdMxsFO.o
 .debug_aranges
                0x000000d0       0x18 C:\Users\PHUCLU~1\AppData\Local\Temp\ccgWdnU8.o
 .debug_aranges
                0x000000e8       0x20 C:\Users\PHUCLU~1\AppData\Local\Temp\ccTGTSuB.o
 .debug_aranges
                0x00000108       0x18 C:\Users\PHUCLU~1\AppData\Local\Temp\cc84XVg9.o
 .debug_aranges
                0x00000120       0x20 C:\Users\PHUCLU~1\AppData\Local\Temp\ccTNorKQ.o
 .debug_aranges
                0x00000140       0x18 C:\Users\PHUCLU~1\AppData\Local\Temp\ccQiZgTE.o
 .debug_aranges
                0x00000158       0x20 C:\Users\PHUCLU~1\AppData\Local\Temp\cc7F0YiA.o
 .debug_aranges
                0x00000178       0x18 C:\Users\PHUCLU~1\AppData\Local\Temp\ccEJn9Fz.o
 .debug_aranges
                0x00000190       0x20 C:\Users\PHUCLU~1\AppData\Local\Temp\cc99SjYJ.o
 .debug_aranges
                0x000001b0       0x18 C:\Users\PHUCLU~1\AppData\Local\Temp\cchaPGrN.o
 .debug_aranges
                0x000001c8       0x20 C:\Users\PHUCLU~1\AppData\Local\Temp\ccNC7weV.o
 .debug_aranges
                0x000001e8       0x18 C:\Users\PHUCLU~1\AppData\Local\Temp\ccXp0jK7.o

.debug_line     0x00000000     0x2c2e
 .debug_line    0x00000000      0x186 C:\Users\PHUCLU~1\AppData\Local\Temp\ccEJ1iM5.o
 .debug_line    0x00000186      0x212 C:\Users\PHUCLU~1\AppData\Local\Temp\cca9T9BJ.o
 .debug_line    0x00000398      0x2e9 C:\Users\PHUCLU~1\AppData\Local\Temp\ccWgRnNq.o
 .debug_line    0x00000681      0x176 C:\Users\PHUCLU~1\AppData\Local\Temp\ccc2yFdp.o
 .debug_line    0x000007f7      0x50e C:\Users\PHUCLU~1\AppData\Local\Temp\ccTYbBbq.o
 .debug_line    0x00000d05      0x14d C:\Users\PHUCLU~1\AppData\Local\Temp\cci6SLAy.o
 .debug_line    0x00000e52      0x4c0 C:\Users\PHUCLU~1\AppData\Local\Temp\ccdMxsFO.o
 .debug_line    0x00001312      0x157 C:\Users\PHUCLU~1\AppData\Local\Temp\ccgWdnU8.o
 .debug_line    0x00001469      0x826 C:\Users\PHUCLU~1\AppData\Local\Temp\ccTGTSuB.o
 .debug_line    0x00001c8f      0x19b C:\Users\PHUCLU~1\AppData\Local\Temp\cc84XVg9.o
 .debug_line    0x00001e2a      0x2b9 C:\Users\PHUCLU~1\AppData\Local\Temp\ccTNorKQ.o
 .debug_line    0x000020e3      0x158 C:\Users\PHUCLU~1\AppData\Local\Temp\ccQiZgTE.o
 .debug_line    0x0000223b      0x208 C:\Users\PHUCLU~1\AppData\Local\Temp\cc7F0YiA.o
 .debug_line    0x00002443      0x1ac C:\Users\PHUCLU~1\AppData\Local\Temp\ccEJn9Fz.o
 .debug_line    0x000025ef      0x159 C:\Users\PHUCLU~1\AppData\Local\Temp\cc99SjYJ.o
 .debug_line    0x00002748      0x140 C:\Users\PHUCLU~1\AppData\Local\Temp\cchaPGrN.o
 .debug_line    0x00002888      0x216 C:\Users\PHUCLU~1\AppData\Local\Temp\ccNC7weV.o
 .debug_line    0x00002a9e      0x190 C:\Users\PHUCLU~1\AppData\Local\Temp\ccXp0jK7.o

.debug_str      0x00000000     0x14fa
 .debug_str     0x00000000      0x164 C:\Users\PHUCLU~1\AppData\Local\Temp\ccEJ1iM5.o
                                0x1a1 (size before relaxing)
 .debug_str     0x00000164      0x1c8 C:\Users\PHUCLU~1\AppData\Local\Temp\cca9T9BJ.o
                                0x30d (size before relaxing)
 .debug_str     0x0000032c      0x1ee C:\Users\PHUCLU~1\AppData\Local\Temp\ccWgRnNq.o
                                0x378 (size before relaxing)
 .debug_str     0x0000051a       0x2b C:\Users\PHUCLU~1\AppData\Local\Temp\ccc2yFdp.o
                                0x1be (size before relaxing)
 .debug_str     0x00000545       0xb6 C:\Users\PHUCLU~1\AppData\Local\Temp\ccTYbBbq.o
                                0x32d (size before relaxing)
 .debug_str     0x000005fb       0x22 C:\Users\PHUCLU~1\AppData\Local\Temp\cci6SLAy.o
                                0x1d2 (size before relaxing)
 .debug_str     0x0000061d      0x20d C:\Users\PHUCLU~1\AppData\Local\Temp\ccdMxsFO.o
                                0x391 (size before relaxing)
 .debug_str     0x0000082a       0x32 C:\Users\PHUCLU~1\AppData\Local\Temp\ccgWdnU8.o
                                0x2a4 (size before relaxing)
 .debug_str     0x0000085c      0x7fe C:\Users\PHUCLU~1\AppData\Local\Temp\ccTGTSuB.o
                                0x9ba (size before relaxing)
 .debug_str     0x0000105a       0xa9 C:\Users\PHUCLU~1\AppData\Local\Temp\cc84XVg9.o
                                0x438 (size before relaxing)
 .debug_str     0x00001103       0xe8 C:\Users\PHUCLU~1\AppData\Local\Temp\ccTNorKQ.o
                                0x3a2 (size before relaxing)
 .debug_str     0x000011eb       0x39 C:\Users\PHUCLU~1\AppData\Local\Temp\ccQiZgTE.o
                                0x292 (size before relaxing)
 .debug_str     0x00001224      0x12c C:\Users\PHUCLU~1\AppData\Local\Temp\cc7F0YiA.o
                                0x316 (size before relaxing)
 .debug_str     0x00001350       0x21 C:\Users\PHUCLU~1\AppData\Local\Temp\ccEJn9Fz.o
                                0x2b0 (size before relaxing)
 .debug_str     0x00001371       0x54 C:\Users\PHUCLU~1\AppData\Local\Temp\cc99SjYJ.o
                                0x195 (size before relaxing)
 .debug_str     0x000013c5       0x17 C:\Users\PHUCLU~1\AppData\Local\Temp\cchaPGrN.o
                                0x17f (size before relaxing)
 .debug_str     0x000013dc       0xd3 C:\Users\PHUCLU~1\AppData\Local\Temp\ccNC7weV.o
                                0x5bd (size before relaxing)
 .debug_str     0x000014af       0x4b C:\Users\PHUCLU~1\AppData\Local\Temp\ccXp0jK7.o
                                0x201 (size before relaxing)

.comment        0x00000000       0x49
 .comment       0x00000000       0x49 C:\Users\PHUCLU~1\AppData\Local\Temp\ccEJ1iM5.o
                                 0x4a (size before relaxing)
 .comment       0x00000049       0x4a C:\Users\PHUCLU~1\AppData\Local\Temp\cca9T9BJ.o
 .comment       0x00000049       0x4a C:\Users\PHUCLU~1\AppData\Local\Temp\ccWgRnNq.o
 .comment       0x00000049       0x4a C:\Users\PHUCLU~1\AppData\Local\Temp\ccc2yFdp.o
 .comment       0x00000049       0x4a C:\Users\PHUCLU~1\AppData\Local\Temp\ccTYbBbq.o
 .comment       0x00000049       0x4a C:\Users\PHUCLU~1\AppData\Local\Temp\cci6SLAy.o
 .comment       0x00000049       0x4a C:\Users\PHUCLU~1\AppData\Local\Temp\ccdMxsFO.o
 .comment       0x00000049       0x4a C:\Users\PHUCLU~1\AppData\Local\Temp\ccgWdnU8.o
 .comment       0x00000049       0x4a C:\Users\PHUCLU~1\AppData\Local\Temp\ccTGTSuB.o
 .comment       0x00000049       0x4a C:\Users\PHUCLU~1\AppData\Local\Temp\cc84XVg9.o
 .comment       0x00000049       0x4a C:\Users\PHUCLU~1\AppData\Local\Temp\ccTNorKQ.o
 .comment       0x00000049       0x4a C:\Users\PHUCLU~1\AppData\Local\Temp\ccQiZgTE.o
 .comment       0x00000049       0x4a C:\Users\PHUCLU~1\AppData\Local\Temp\cc7F0YiA.o
 .comment       0x00000049       0x4a C:\Users\PHUCLU~1\AppData\Local\Temp\ccEJn9Fz.o
 .comment       0x00000049       0x4a C:\Users\PHUCLU~1\AppData\Local\Temp\cc99SjYJ.o
 .comment       0x00000049       0x4a C:\Users\PHUCLU~1\AppData\Local\Temp\cchaPGrN.o
 .comment       0x00000049       0x4a C:\Users\PHUCLU~1\AppData\Local\Temp\ccNC7weV.o
 .comment       0x00000049       0x4a C:\Users\PHUCLU~1\AppData\Local\Temp\ccXp0jK7.o

.ARM.attributes
                0x00000000       0x2d
 .ARM.attributes
                0x00000000       0x2d C:\Users\PHUCLU~1\AppData\Local\Temp\ccEJ1iM5.o
 .ARM.attributes
                0x0000002d       0x2d C:\Users\PHUCLU~1\AppData\Local\Temp\cca9T9BJ.o
 .ARM.attributes
                0x0000005a       0x2d C:\Users\PHUCLU~1\AppData\Local\Temp\ccWgRnNq.o
 .ARM.attributes
                0x00000087       0x2d C:\Users\PHUCLU~1\AppData\Local\Temp\ccc2yFdp.o
 .ARM.attributes
                0x000000b4       0x2d C:\Users\PHUCLU~1\AppData\Local\Temp\ccTYbBbq.o
 .ARM.attributes
                0x000000e1       0x2d C:\Users\PHUCLU~1\AppData\Local\Temp\cci6SLAy.o
 .ARM.attributes
                0x0000010e       0x2d C:\Users\PHUCLU~1\AppData\Local\Temp\ccdMxsFO.o
 .ARM.attributes
                0x0000013b       0x2d C:\Users\PHUCLU~1\AppData\Local\Temp\ccgWdnU8.o
 .ARM.attributes
                0x00000168       0x2d C:\Users\PHUCLU~1\AppData\Local\Temp\ccTGTSuB.o
 .ARM.attributes
                0x00000195       0x2d C:\Users\PHUCLU~1\AppData\Local\Temp\cc84XVg9.o
 .ARM.attributes
                0x000001c2       0x2d C:\Users\PHUCLU~1\AppData\Local\Temp\ccTNorKQ.o
 .ARM.attributes
                0x000001ef       0x2d C:\Users\PHUCLU~1\AppData\Local\Temp\ccQiZgTE.o
 .ARM.attributes
                0x0000021c       0x2d C:\Users\PHUCLU~1\AppData\Local\Temp\cc7F0YiA.o
 .ARM.attributes
                0x00000249       0x2d C:\Users\PHUCLU~1\AppData\Local\Temp\ccEJn9Fz.o
 .ARM.attributes
                0x00000276       0x2d C:\Users\PHUCLU~1\AppData\Local\Temp\cc99SjYJ.o
 .ARM.attributes
                0x000002a3       0x2d C:\Users\PHUCLU~1\AppData\Local\Temp\cchaPGrN.o
 .ARM.attributes
                0x000002d0       0x2d C:\Users\PHUCLU~1\AppData\Local\Temp\ccNC7weV.o
 .ARM.attributes
                0x000002fd       0x2d C:\Users\PHUCLU~1\AppData\Local\Temp\ccXp0jK7.o

.debug_frame    0x00000000      0x818
 .debug_frame   0x00000000       0x48 C:\Users\PHUCLU~1\AppData\Local\Temp\ccEJ1iM5.o
 .debug_frame   0x00000048       0x54 C:\Users\PHUCLU~1\AppData\Local\Temp\cca9T9BJ.o
 .debug_frame   0x0000009c      0x178 C:\Users\PHUCLU~1\AppData\Local\Temp\ccWgRnNq.o
 .debug_frame   0x00000214       0xec C:\Users\PHUCLU~1\AppData\Local\Temp\ccTYbBbq.o
 .debug_frame   0x00000300      0x110 C:\Users\PHUCLU~1\AppData\Local\Temp\ccdMxsFO.o
 .debug_frame   0x00000410      0x208 C:\Users\PHUCLU~1\AppData\Local\Temp\ccTGTSuB.o
 .debug_frame   0x00000618       0xb0 C:\Users\PHUCLU~1\AppData\Local\Temp\ccTNorKQ.o
 .debug_frame   0x000006c8       0x80 C:\Users\PHUCLU~1\AppData\Local\Temp\cc7F0YiA.o
 .debug_frame   0x00000748       0x30 C:\Users\PHUCLU~1\AppData\Local\Temp\cc99SjYJ.o
 .debug_frame   0x00000778       0xa0 C:\Users\PHUCLU~1\AppData\Local\Temp\ccNC7weV.o
