
Memory Configuration

Name             Origin             Length             Attributes
FLASH            0x08000000         0x00010000         xr
RAM              0x20000000         0x00005000         xrw
*default*        0x00000000         0xffffffff

Linker script and memory map

LOAD C:\Users\PHUCLU~1\AppData\Local\Temp\ccvAUxgg.o
LOAD C:\Users\PHUCLU~1\AppData\Local\Temp\ccebA71m.o
LOAD C:\Users\PHUCLU~1\AppData\Local\Temp\ccTTyoey.o
LOAD C:\Users\PHUCLU~1\AppData\Local\Temp\ccSY9XdO.o

.isr_vector     0x08000000       0xe4
                0x08000000                . = ALIGN (0x4)
 *(.isr_vector)
 .isr_vector    0x08000000       0xe4 C:\Users\PHUCLU~1\AppData\Local\Temp\ccTTyoey.o
                0x08000000                g_pfnVectors
                0x080000e4                . = ALIGN (0x4)

.text           0x080000e4      0x490
                0x080000e4                . = ALIGN (0x4)
 *(.text)
 .text          0x080000e4       0x78 C:\Users\PHUCLU~1\AppData\Local\Temp\ccvAUxgg.o
                0x080000e4                delay
                0x08000104                main
 .text          0x0800015c      0x2c4 C:\Users\PHUCLU~1\AppData\Local\Temp\ccebA71m.o
                0x0800015c                Dio_ReadChannel
                0x080001a8                Dio_WriteChannel
                0x08000238                Dio_ReadPort
                0x0800025c                Dio_WritePort
                0x08000288                Dio_ReadChannelGroup
                0x080002c4                Dio_WriteChannelGroup
                0x0800031c                Dio_GetVersionInfo
                0x08000354                Dio_FlipChannel
                0x080003cc                Dio_MaskedWritePort
 .text          0x08000420       0x70 C:\Users\PHUCLU~1\AppData\Local\Temp\ccTTyoey.o
                0x08000420                Reset_Handler
                0x08000488                HardFault_Handler
                0x08000488                SysTick_Handler
                0x08000488                PVD_IRQHandler
                0x08000488                PendSV_Handler
                0x08000488                NMI_Handler
                0x08000488                EXTI0_IRQHandler
                0x08000488                UsageFault_Handler
                0x08000488                DebugMon_Handler
                0x08000488                TIM3_IRQHandler
                0x08000488                Default_Handler
                0x08000488                EXTI15_10_IRQHandler
                0x08000488                MemManage_Handler
                0x08000488                SVC_Handler
                0x08000488                WWDG_IRQHandler
                0x08000488                TIM2_IRQHandler
                0x08000488                EXTI1_IRQHandler
                0x08000488                BusFault_Handler
                0x08000488                USART1_IRQHandler
 .text          0x08000490       0xe4 C:\Users\PHUCLU~1\AppData\Local\Temp\ccSY9XdO.o
                0x08000490                Port_Init
                0x08000520                Port_SetPinDirection
                0x0800053a                Port_RefreshPortDirection
                0x08000546                Port_GetVersionInfo
                0x08000558                Port_SetPinMode
 *(.text*)
 *(.rodata)
 *(.rodata*)
                0x08000574                . = ALIGN (0x4)
                0x08000574                _etext = .

.glue_7         0x08000574        0x0
 .glue_7        0x08000574        0x0 linker stubs

.glue_7t        0x08000574        0x0
 .glue_7t       0x08000574        0x0 linker stubs

.vfp11_veneer   0x08000574        0x0
 .vfp11_veneer  0x08000574        0x0 linker stubs

.v4_bx          0x08000574        0x0
 .v4_bx         0x08000574        0x0 linker stubs

.iplt           0x08000574        0x0
 .iplt          0x08000574        0x0 C:\Users\PHUCLU~1\AppData\Local\Temp\ccvAUxgg.o

.rel.dyn        0x08000574        0x0
 .rel.iplt      0x08000574        0x0 C:\Users\PHUCLU~1\AppData\Local\Temp\ccvAUxgg.o

.data           0x20000000       0x2c load address 0x08000574
                0x20000000                . = ALIGN (0x4)
                0x20000000                _sdata = .
 *(.data)
 .data          0x20000000        0x4 C:\Users\PHUCLU~1\AppData\Local\Temp\ccvAUxgg.o
                0x20000000                Port_Configuration
 .data          0x20000004       0x18 C:\Users\PHUCLU~1\AppData\Local\Temp\ccebA71m.o
 .data          0x2000001c        0x0 C:\Users\PHUCLU~1\AppData\Local\Temp\ccTTyoey.o
 .data          0x2000001c       0x10 C:\Users\PHUCLU~1\AppData\Local\Temp\ccSY9XdO.o
 *(.data*)
                0x2000002c                . = ALIGN (0x4)
                0x2000002c                _edata = .
                0x08000574                _sidata = LOADADDR (.data)

.igot.plt       0x2000002c        0x0 load address 0x080005a0
 .igot.plt      0x2000002c        0x0 C:\Users\PHUCLU~1\AppData\Local\Temp\ccvAUxgg.o

.bss            0x2000002c        0x0 load address 0x080005a0
                0x2000002c                . = ALIGN (0x4)
                0x2000002c                _sbss = .
 *(.bss)
 .bss           0x2000002c        0x0 C:\Users\PHUCLU~1\AppData\Local\Temp\ccvAUxgg.o
 .bss           0x2000002c        0x0 C:\Users\PHUCLU~1\AppData\Local\Temp\ccebA71m.o
 .bss           0x2000002c        0x0 C:\Users\PHUCLU~1\AppData\Local\Temp\ccTTyoey.o
 .bss           0x2000002c        0x0 C:\Users\PHUCLU~1\AppData\Local\Temp\ccSY9XdO.o
 *(.bss*)
 *(COMMON)
                0x2000002c                . = ALIGN (0x4)
                0x2000002c                _ebss = .
                0x2000002c                _sheap = .
                0x20005000                _estack = (ORIGIN (RAM) + LENGTH (RAM))
OUTPUT(firmware.elf elf32-littlearm)
LOAD linker stubs

.debug_info     0x00000000      0xd2f
 .debug_info    0x00000000      0x222 C:\Users\PHUCLU~1\AppData\Local\Temp\ccvAUxgg.o
 .debug_info    0x00000222      0x490 C:\Users\PHUCLU~1\AppData\Local\Temp\ccebA71m.o
 .debug_info    0x000006b2      0x324 C:\Users\PHUCLU~1\AppData\Local\Temp\ccTTyoey.o
 .debug_info    0x000009d6      0x359 C:\Users\PHUCLU~1\AppData\Local\Temp\ccSY9XdO.o

.debug_abbrev   0x00000000      0x4c4
 .debug_abbrev  0x00000000      0x10b C:\Users\PHUCLU~1\AppData\Local\Temp\ccvAUxgg.o
 .debug_abbrev  0x0000010b      0x14b C:\Users\PHUCLU~1\AppData\Local\Temp\ccebA71m.o
 .debug_abbrev  0x00000256      0x116 C:\Users\PHUCLU~1\AppData\Local\Temp\ccTTyoey.o
 .debug_abbrev  0x0000036c      0x158 C:\Users\PHUCLU~1\AppData\Local\Temp\ccSY9XdO.o

.debug_aranges  0x00000000       0x80
 .debug_aranges
                0x00000000       0x20 C:\Users\PHUCLU~1\AppData\Local\Temp\ccvAUxgg.o
 .debug_aranges
                0x00000020       0x20 C:\Users\PHUCLU~1\AppData\Local\Temp\ccebA71m.o
 .debug_aranges
                0x00000040       0x20 C:\Users\PHUCLU~1\AppData\Local\Temp\ccTTyoey.o
 .debug_aranges
                0x00000060       0x20 C:\Users\PHUCLU~1\AppData\Local\Temp\ccSY9XdO.o

.debug_line     0x00000000      0x884
 .debug_line    0x00000000      0x1be C:\Users\PHUCLU~1\AppData\Local\Temp\ccvAUxgg.o
 .debug_line    0x000001be      0x2f5 C:\Users\PHUCLU~1\AppData\Local\Temp\ccebA71m.o
 .debug_line    0x000004b3      0x1af C:\Users\PHUCLU~1\AppData\Local\Temp\ccTTyoey.o
 .debug_line    0x00000662      0x222 C:\Users\PHUCLU~1\AppData\Local\Temp\ccSY9XdO.o

.debug_str      0x00000000      0x544
 .debug_str     0x00000000      0x1ca C:\Users\PHUCLU~1\AppData\Local\Temp\ccvAUxgg.o
                                0x21b (size before relaxing)
 .debug_str     0x000001ca      0x1ea C:\Users\PHUCLU~1\AppData\Local\Temp\ccebA71m.o
                                0x37a (size before relaxing)
 .debug_str     0x000003b4       0xce C:\Users\PHUCLU~1\AppData\Local\Temp\ccTTyoey.o
                                0x211 (size before relaxing)
 .debug_str     0x00000482       0xc2 C:\Users\PHUCLU~1\AppData\Local\Temp\ccSY9XdO.o
                                0x316 (size before relaxing)

.comment        0x00000000       0x49
 .comment       0x00000000       0x49 C:\Users\PHUCLU~1\AppData\Local\Temp\ccvAUxgg.o
                                 0x4a (size before relaxing)
 .comment       0x00000049       0x4a C:\Users\PHUCLU~1\AppData\Local\Temp\ccebA71m.o
 .comment       0x00000049       0x4a C:\Users\PHUCLU~1\AppData\Local\Temp\ccTTyoey.o
 .comment       0x00000049       0x4a C:\Users\PHUCLU~1\AppData\Local\Temp\ccSY9XdO.o

.ARM.attributes
                0x00000000       0x2d
 .ARM.attributes
                0x00000000       0x2d C:\Users\PHUCLU~1\AppData\Local\Temp\ccvAUxgg.o
 .ARM.attributes
                0x0000002d       0x2d C:\Users\PHUCLU~1\AppData\Local\Temp\ccebA71m.o
 .ARM.attributes
                0x0000005a       0x2d C:\Users\PHUCLU~1\AppData\Local\Temp\ccTTyoey.o
 .ARM.attributes
                0x00000087       0x2d C:\Users\PHUCLU~1\AppData\Local\Temp\ccSY9XdO.o

.debug_frame    0x00000000      0x2e4
 .debug_frame   0x00000000       0x54 C:\Users\PHUCLU~1\AppData\Local\Temp\ccvAUxgg.o
 .debug_frame   0x00000054      0x178 C:\Users\PHUCLU~1\AppData\Local\Temp\ccebA71m.o
 .debug_frame   0x000001cc       0x48 C:\Users\PHUCLU~1\AppData\Local\Temp\ccTTyoey.o
 .debug_frame   0x00000214       0xd0 C:\Users\PHUCLU~1\AppData\Local\Temp\ccSY9XdO.o
