
There are no discarded input sections

Memory Configuration

Name             Origin             Length             Attributes
FLASH            0x08000000         0x00010000         xr
RAM              0x20000000         0x00005000         xrw
*default*        0x00000000         0xffffffff

Linker script and memory map

LOAD C:\Users\luuph\AppData\Local\Temp\ccJ9cTgf.o
LOAD C:\Users\luuph\AppData\Local\Temp\ccCb1yWh.o
LOAD C:\Users\luuph\AppData\Local\Temp\cc91IV5p.o
LOAD C:\Users\luuph\AppData\Local\Temp\ccaodHtC.o
LOAD C:\Users\luuph\AppData\Local\Temp\cczs4NaU.o
LOAD C:\Users\luuph\AppData\Local\Temp\ccClHpfg.o

.isr_vector     0x08000000       0xe4
                0x08000000                        . = ALIGN (0x4)
 *(.isr_vector)
 .isr_vector    0x08000000       0xe4 C:\Users\luuph\AppData\Local\Temp\cc91IV5p.o
                0x08000000                g_pfnVectors
                0x080000e4                        . = ALIGN (0x4)

.text           0x080000e4     0x175c
                0x080000e4                        . = ALIGN (0x4)
 *(.text)
 .text          0x080000e4      0x124 C:\Users\luuph\AppData\Local\Temp\ccJ9cTgf.o
                0x080000e4                delay
                0x08000104                main
 .text          0x08000208      0x2c4 C:\Users\luuph\AppData\Local\Temp\ccCb1yWh.o
                0x08000208                Dio_ReadChannel
                0x08000254                Dio_WriteChannel
                0x080002e4                Dio_ReadPort
                0x08000308                Dio_WritePort
                0x08000334                Dio_ReadChannelGroup
                0x08000370                Dio_WriteChannelGroup
                0x080003c8                Dio_GetVersionInfo
                0x08000400                Dio_FlipChannel
                0x08000478                Dio_MaskedWritePort
 .text          0x080004cc       0x64 C:\Users\luuph\AppData\Local\Temp\cc91IV5p.o
                0x080004cc                Reset_Handler
                0x08000528                HardFault_Handler
                0x08000528                SysTick_Handler
                0x08000528                PVD_IRQHandler
                0x08000528                PendSV_Handler
                0x08000528                NMI_Handler
                0x08000528                EXTI0_IRQHandler
                0x08000528                UsageFault_Handler
                0x08000528                DebugMon_Handler
                0x08000528                TIM3_IRQHandler
                0x08000528                Default_Handler
                0x08000528                EXTI15_10_IRQHandler
                0x08000528                MemManage_Handler
                0x08000528                SVC_Handler
                0x08000528                WWDG_IRQHandler
                0x08000528                TIM2_IRQHandler
                0x08000528                EXTI1_IRQHandler
                0x08000528                BusFault_Handler
                0x08000528                USART1_IRQHandler
 .text          0x08000530      0x808 C:\Users\luuph\AppData\Local\Temp\ccaodHtC.o
                0x08000530                Port_Init
                0x0800070c                Port_SetPinDirection
                0x080009b4                Port_RefreshPortDirection
                0x08000ba8                Port_GetVersionInfo
                0x08000bba                Port_SetPinMode
 .text          0x08000d38      0x738 C:\Users\luuph\AppData\Local\Temp\cczs4NaU.o
                0x08000d38                get_CCRx
                0x08000d7c                Pwm_Init
                0x080011fc                Pwm_DeInit
                0x08001220                Pwm_SetDutyCycle
                0x080012dc                Pwm_SetPeriodAndDuty
                0x080013a4                Pwm_SetOutputToIdle
                0x08001408                Pwm_GetOutputState
 .text          0x08001470      0x3bc C:\Users\luuph\AppData\Local\Temp\ccClHpfg.o
                0x08001470                Adc_Init
                0x080015ac                Adc_SetupResultBuffer
                0x080015dc                Adc_DeInit
                0x08001618                Adc_StartGroupConversion
                0x08001778                Adc_StopGroupConversion
                0x080017b0                Adc_ReadGroup
 *(.text*)
 *(.rodata)
 .rodata        0x0800182c       0x14 C:\Users\luuph\AppData\Local\Temp\ccJ9cTgf.o
                0x0800182c                Port_Configuration
 *(.rodata*)
                0x08001840                        . = ALIGN (0x4)
                0x08001840                        _etext = .

.glue_7         0x08001840        0x0
 .glue_7        0x08001840        0x0 linker stubs

.glue_7t        0x08001840        0x0
 .glue_7t       0x08001840        0x0 linker stubs

.vfp11_veneer   0x08001840        0x0
 .vfp11_veneer  0x08001840        0x0 linker stubs

.v4_bx          0x08001840        0x0
 .v4_bx         0x08001840        0x0 linker stubs

.iplt           0x08001840        0x0
 .iplt          0x08001840        0x0 C:\Users\luuph\AppData\Local\Temp\ccJ9cTgf.o

.rel.dyn        0x08001840        0x0
 .rel.iplt      0x08001840        0x0 C:\Users\luuph\AppData\Local\Temp\ccJ9cTgf.o

.data           0x20000000       0x6c load address 0x08001840
                0x20000000                        . = ALIGN (0x4)
                0x20000000                        _sdata = .
 *(.data)
 .data          0x20000000       0x4c C:\Users\luuph\AppData\Local\Temp\ccJ9cTgf.o
                0x20000000                Pwm_Configuration
                0x20000028                Adc_Configuration
 .data          0x2000004c       0x10 C:\Users\luuph\AppData\Local\Temp\ccCb1yWh.o
 .data          0x2000005c        0x0 C:\Users\luuph\AppData\Local\Temp\cc91IV5p.o
 .data          0x2000005c       0x10 C:\Users\luuph\AppData\Local\Temp\ccaodHtC.o
 .data          0x2000006c        0x0 C:\Users\luuph\AppData\Local\Temp\cczs4NaU.o
 .data          0x2000006c        0x0 C:\Users\luuph\AppData\Local\Temp\ccClHpfg.o
 *(.data*)
                0x2000006c                        . = ALIGN (0x4)
                0x2000006c                        _edata = .
                0x08001840                        _sidata = LOADADDR (.data)

.igot.plt       0x2000006c        0x0 load address 0x080018ac
 .igot.plt      0x2000006c        0x0 C:\Users\luuph\AppData\Local\Temp\ccJ9cTgf.o

.bss            0x2000006c       0xac load address 0x080018ac
                0x2000006c                        . = ALIGN (0x4)
                0x2000006c                        _sbss = .
 *(.bss)
 .bss           0x2000006c       0x28 C:\Users\luuph\AppData\Local\Temp\ccJ9cTgf.o
                0x2000006c                Count
                0x20000070                adcValue
                0x20000090                adcBuffer
 .bss           0x20000094        0x4 C:\Users\luuph\AppData\Local\Temp\ccCb1yWh.o
 .bss           0x20000098        0x0 C:\Users\luuph\AppData\Local\Temp\cc91IV5p.o
 .bss           0x20000098        0x0 C:\Users\luuph\AppData\Local\Temp\ccaodHtC.o
 .bss           0x20000098        0x0 C:\Users\luuph\AppData\Local\Temp\cczs4NaU.o
 .bss           0x20000098       0x80 C:\Users\luuph\AppData\Local\Temp\ccClHpfg.o
 *(.bss*)
 *(COMMON)
                0x20000118                        . = ALIGN (0x4)
                0x20000118                        _ebss = .
                0x20000118                        _sheap = .
                0x20005000                        _estack = (ORIGIN (RAM) + LENGTH (RAM))
OUTPUT(firmware.elf elf32-littlearm)
LOAD linker stubs

.debug_info     0x00000000     0x1aa6
 .debug_info    0x00000000      0x75b C:\Users\luuph\AppData\Local\Temp\ccJ9cTgf.o
 .debug_info    0x0000075b      0x45d C:\Users\luuph\AppData\Local\Temp\ccCb1yWh.o
 .debug_info    0x00000bb8      0x147 C:\Users\luuph\AppData\Local\Temp\cc91IV5p.o
 .debug_info    0x00000cff      0x38d C:\Users\luuph\AppData\Local\Temp\ccaodHtC.o
 .debug_info    0x0000108c      0x4a0 C:\Users\luuph\AppData\Local\Temp\cczs4NaU.o
 .debug_info    0x0000152c      0x57a C:\Users\luuph\AppData\Local\Temp\ccClHpfg.o

.debug_abbrev   0x00000000      0x872
 .debug_abbrev  0x00000000      0x1b4 C:\Users\luuph\AppData\Local\Temp\ccJ9cTgf.o
 .debug_abbrev  0x000001b4      0x153 C:\Users\luuph\AppData\Local\Temp\ccCb1yWh.o
 .debug_abbrev  0x00000307       0xe7 C:\Users\luuph\AppData\Local\Temp\cc91IV5p.o
 .debug_abbrev  0x000003ee      0x17c C:\Users\luuph\AppData\Local\Temp\ccaodHtC.o
 .debug_abbrev  0x0000056a      0x170 C:\Users\luuph\AppData\Local\Temp\cczs4NaU.o
 .debug_abbrev  0x000006da      0x198 C:\Users\luuph\AppData\Local\Temp\ccClHpfg.o

.debug_aranges  0x00000000       0xc0
 .debug_aranges
                0x00000000       0x20 C:\Users\luuph\AppData\Local\Temp\ccJ9cTgf.o
 .debug_aranges
                0x00000020       0x20 C:\Users\luuph\AppData\Local\Temp\ccCb1yWh.o
 .debug_aranges
                0x00000040       0x20 C:\Users\luuph\AppData\Local\Temp\cc91IV5p.o
 .debug_aranges
                0x00000060       0x20 C:\Users\luuph\AppData\Local\Temp\ccaodHtC.o
 .debug_aranges
                0x00000080       0x20 C:\Users\luuph\AppData\Local\Temp\cczs4NaU.o
 .debug_aranges
                0x000000a0       0x20 C:\Users\luuph\AppData\Local\Temp\ccClHpfg.o

.debug_line     0x00000000     0x13ea
 .debug_line    0x00000000      0x263 C:\Users\luuph\AppData\Local\Temp\ccJ9cTgf.o
 .debug_line    0x00000263      0x2cd C:\Users\luuph\AppData\Local\Temp\ccCb1yWh.o
 .debug_line    0x00000530      0x154 C:\Users\luuph\AppData\Local\Temp\cc91IV5p.o
 .debug_line    0x00000684      0x4ea C:\Users\luuph\AppData\Local\Temp\ccaodHtC.o
 .debug_line    0x00000b6e      0x4c2 C:\Users\luuph\AppData\Local\Temp\cczs4NaU.o
 .debug_line    0x00001030      0x3ba C:\Users\luuph\AppData\Local\Temp\ccClHpfg.o

.debug_str      0x00000000      0xa15
 .debug_str     0x00000000      0xa15 C:\Users\luuph\AppData\Local\Temp\ccJ9cTgf.o
                                0x62b (size before relaxing)
 .debug_str     0x00000a15      0x360 C:\Users\luuph\AppData\Local\Temp\ccCb1yWh.o
 .debug_str     0x00000a15      0x18c C:\Users\luuph\AppData\Local\Temp\cc91IV5p.o
 .debug_str     0x00000a15      0x315 C:\Users\luuph\AppData\Local\Temp\ccaodHtC.o
 .debug_str     0x00000a15      0x379 C:\Users\luuph\AppData\Local\Temp\cczs4NaU.o
 .debug_str     0x00000a15      0x472 C:\Users\luuph\AppData\Local\Temp\ccClHpfg.o

.comment        0x00000000       0x45
 .comment       0x00000000       0x45 C:\Users\luuph\AppData\Local\Temp\ccJ9cTgf.o
                                 0x46 (size before relaxing)
 .comment       0x00000045       0x46 C:\Users\luuph\AppData\Local\Temp\ccCb1yWh.o
 .comment       0x00000045       0x46 C:\Users\luuph\AppData\Local\Temp\cc91IV5p.o
 .comment       0x00000045       0x46 C:\Users\luuph\AppData\Local\Temp\ccaodHtC.o
 .comment       0x00000045       0x46 C:\Users\luuph\AppData\Local\Temp\cczs4NaU.o
 .comment       0x00000045       0x46 C:\Users\luuph\AppData\Local\Temp\ccClHpfg.o

.ARM.attributes
                0x00000000       0x2d
 .ARM.attributes
                0x00000000       0x2d C:\Users\luuph\AppData\Local\Temp\ccJ9cTgf.o
 .ARM.attributes
                0x0000002d       0x2d C:\Users\luuph\AppData\Local\Temp\ccCb1yWh.o
 .ARM.attributes
                0x0000005a       0x2d C:\Users\luuph\AppData\Local\Temp\cc91IV5p.o
 .ARM.attributes
                0x00000087       0x2d C:\Users\luuph\AppData\Local\Temp\ccaodHtC.o
 .ARM.attributes
                0x000000b4       0x2d C:\Users\luuph\AppData\Local\Temp\cczs4NaU.o
 .ARM.attributes
                0x000000e1       0x2d C:\Users\luuph\AppData\Local\Temp\ccClHpfg.o

.debug_frame    0x00000000      0x508
 .debug_frame   0x00000000       0x54 C:\Users\luuph\AppData\Local\Temp\ccJ9cTgf.o
 .debug_frame   0x00000054      0x178 C:\Users\luuph\AppData\Local\Temp\ccCb1yWh.o
 .debug_frame   0x000001cc       0x48 C:\Users\luuph\AppData\Local\Temp\cc91IV5p.o
 .debug_frame   0x00000214       0xec C:\Users\luuph\AppData\Local\Temp\ccaodHtC.o
 .debug_frame   0x00000300      0x110 C:\Users\luuph\AppData\Local\Temp\cczs4NaU.o
 .debug_frame   0x00000410       0xf8 C:\Users\luuph\AppData\Local\Temp\ccClHpfg.o
