
There are no discarded input sections

Memory Configuration

Name             Origin             Length             Attributes
FLASH            0x08000000         0x00010000         xr
RAM              0x20000000         0x00005000         xrw
*default*        0x00000000         0xffffffff

Linker script and memory map

LOAD C:\Users\luuph\AppData\Local\Temp\ccWMXrQx.o
LOAD C:\Users\luuph\AppData\Local\Temp\ccUZUKHP.o
LOAD C:\Users\luuph\AppData\Local\Temp\ccgxcqY8.o
LOAD C:\Users\luuph\AppData\Local\Temp\cc6rAUAw.o
LOAD C:\Users\luuph\AppData\Local\Temp\ccgTnErZ.o
LOAD C:\Users\luuph\AppData\Local\Temp\cc2zTtBw.o
LOAD C:\Users\luuph\AppData\Local\Temp\ccgtorZ8.o

.isr_vector     0x08000000       0xe4
                0x08000000                        . = ALIGN (0x4)
 *(.isr_vector)
 .isr_vector    0x08000000       0xe4 C:\Users\luuph\AppData\Local\Temp\ccgxcqY8.o
                0x08000000                g_pfnVectors
                0x080000e4                        . = ALIGN (0x4)

.text           0x080000e4     0x2188
                0x080000e4                        . = ALIGN (0x4)
 *(.text)
 .text          0x080000e4       0x70 C:\Users\luuph\AppData\Local\Temp\ccWMXrQx.o
                0x080000e4                delay
                0x08000104                main
 .text          0x08000154      0x2c4 C:\Users\luuph\AppData\Local\Temp\ccUZUKHP.o
                0x08000154                Dio_ReadChannel
                0x080001a0                Dio_WriteChannel
                0x08000230                Dio_ReadPort
                0x08000254                Dio_WritePort
                0x08000280                Dio_ReadChannelGroup
                0x080002bc                Dio_WriteChannelGroup
                0x08000314                Dio_GetVersionInfo
                0x0800034c                Dio_FlipChannel
                0x080003c4                Dio_MaskedWritePort
 .text          0x08000418       0x64 C:\Users\luuph\AppData\Local\Temp\ccgxcqY8.o
                0x08000418                Reset_Handler
                0x08000474                HardFault_Handler
                0x08000474                SysTick_Handler
                0x08000474                PVD_IRQHandler
                0x08000474                PendSV_Handler
                0x08000474                NMI_Handler
                0x08000474                EXTI0_IRQHandler
                0x08000474                UsageFault_Handler
                0x08000474                DebugMon_Handler
                0x08000474                TIM3_IRQHandler
                0x08000474                Default_Handler
                0x08000474                EXTI15_10_IRQHandler
                0x08000474                MemManage_Handler
                0x08000474                SVC_Handler
                0x08000474                WWDG_IRQHandler
                0x08000474                TIM2_IRQHandler
                0x08000474                EXTI1_IRQHandler
                0x08000474                BusFault_Handler
                0x08000474                USART1_IRQHandler
 .text          0x0800047c      0x808 C:\Users\luuph\AppData\Local\Temp\cc6rAUAw.o
                0x0800047c                Port_Init
                0x08000658                Port_SetPinDirection
                0x08000900                Port_RefreshPortDirection
                0x08000af4                Port_GetVersionInfo
                0x08000b06                Port_SetPinMode
 .text          0x08000c84      0x738 C:\Users\luuph\AppData\Local\Temp\ccgTnErZ.o
                0x08000c84                get_CCRx
                0x08000cc8                Pwm_Init
                0x08001148                Pwm_DeInit
                0x0800116c                Pwm_SetDutyCycle
                0x08001228                Pwm_SetPeriodAndDuty
                0x080012f0                Pwm_SetOutputToIdle
                0x08001354                Pwm_GetOutputState
 .text          0x080013bc      0xb7c C:\Users\luuph\AppData\Local\Temp\cc2zTtBw.o
                0x080013bc                Adc_Init
                0x080014b8                Adc_DeInit
                0x080014f4                Adc_SetupResultBuffer
                0x08001608                Adc_StartGroupConversion
                0x08001be4                Adc_StopGroupConversion
                0x08001c28                Adc_ReadGroup
                0x08001cf8                Adc_EnableHardwareTrigger
                0x08001d80                Adc_DisableHardwareTrigger
                0x08001e08                Adc_EnableGroupNotification
                0x08001e90                Adc_DisableGroupNotification
                0x08001f18                Adc_GetGroupStatus
 .text          0x08001f38      0x2f0 C:\Users\luuph\AppData\Local\Temp\ccgtorZ8.o
                0x08001f38                Mcu_Init
                0x08001fc0                Mcu_InitClock
                0x08002154                Mcu_InitRamSection
                0x0800216a                Mcu_SetMode
 *(.text*)
 *(.rodata)
 .rodata        0x08002228       0x44 C:\Users\luuph\AppData\Local\Temp\ccWMXrQx.o
                0x08002228                Port_Configuration
                0x08002244                Adc_Configuration
 *(.rodata*)
                0x0800226c                        . = ALIGN (0x4)
                0x0800226c                        _etext = .

.glue_7         0x0800226c        0x0
 .glue_7        0x0800226c        0x0 linker stubs

.glue_7t        0x0800226c        0x0
 .glue_7t       0x0800226c        0x0 linker stubs

.vfp11_veneer   0x0800226c        0x0
 .vfp11_veneer  0x0800226c        0x0 linker stubs

.v4_bx          0x0800226c        0x0
 .v4_bx         0x0800226c        0x0 linker stubs

.iplt           0x0800226c        0x0
 .iplt          0x0800226c        0x0 C:\Users\luuph\AppData\Local\Temp\ccWMXrQx.o

.rel.dyn        0x0800226c        0x0
 .rel.iplt      0x0800226c        0x0 C:\Users\luuph\AppData\Local\Temp\ccWMXrQx.o

.data           0x20000000       0x5c load address 0x0800226c
                0x20000000                        . = ALIGN (0x4)
                0x20000000                        _sdata = .
 *(.data)
 .data          0x20000000       0x32 C:\Users\luuph\AppData\Local\Temp\ccWMXrQx.o
                0x20000000                PrehiralConfig
                0x2000000c                Mcu_Clock_Configuration
                0x20000014                Mcu_Configuration
                0x2000001c                Adc_Group0_List
                0x20000020                Adc_Group0_Reference
                0x20000024                Adc_Group1_List
                0x20000028                Adc_Group1_Reference
                0x2000002c                Adc_Common_Configuration
 *fill*         0x20000032        0x2 
 .data          0x20000034       0x10 C:\Users\luuph\AppData\Local\Temp\ccUZUKHP.o
 .data          0x20000044        0x0 C:\Users\luuph\AppData\Local\Temp\ccgxcqY8.o
 .data          0x20000044       0x10 C:\Users\luuph\AppData\Local\Temp\cc6rAUAw.o
 .data          0x20000054        0x0 C:\Users\luuph\AppData\Local\Temp\ccgTnErZ.o
 .data          0x20000054        0x8 C:\Users\luuph\AppData\Local\Temp\cc2zTtBw.o
 .data          0x2000005c        0x0 C:\Users\luuph\AppData\Local\Temp\ccgtorZ8.o
 *(.data*)
                0x2000005c                        . = ALIGN (0x4)
                0x2000005c                        _edata = .
                0x0800226c                        _sidata = LOADADDR (.data)

.igot.plt       0x2000005c        0x0 load address 0x080022c8
 .igot.plt      0x2000005c        0x0 C:\Users\luuph\AppData\Local\Temp\ccWMXrQx.o

.bss            0x2000005c       0x28 load address 0x080022c8
                0x2000005c                        . = ALIGN (0x4)
                0x2000005c                        _sbss = .
 *(.bss)
 .bss           0x2000005c       0x11 C:\Users\luuph\AppData\Local\Temp\ccWMXrQx.o
                0x2000005c                Count
                0x20000060                adcValue
                0x20000064                adcValue0
                0x20000068                adcValue1
                0x2000006c                status
 *fill*         0x2000006d        0x3 
 .bss           0x20000070        0x4 C:\Users\luuph\AppData\Local\Temp\ccUZUKHP.o
 .bss           0x20000074        0x0 C:\Users\luuph\AppData\Local\Temp\ccgxcqY8.o
 .bss           0x20000074        0x0 C:\Users\luuph\AppData\Local\Temp\cc6rAUAw.o
 .bss           0x20000074        0x0 C:\Users\luuph\AppData\Local\Temp\ccgTnErZ.o
 .bss           0x20000074       0x10 C:\Users\luuph\AppData\Local\Temp\cc2zTtBw.o
 .bss           0x20000084        0x0 C:\Users\luuph\AppData\Local\Temp\ccgtorZ8.o
 *(.bss*)
 *(COMMON)
                0x20000084                        . = ALIGN (0x4)
                0x20000084                        _ebss = .
                0x20000084                        _sheap = .
                0x20005000                        _estack = (ORIGIN (RAM) + LENGTH (RAM))
OUTPUT(firmware.elf elf32-littlearm)
LOAD linker stubs

.debug_info     0x00000000     0x218c
 .debug_info    0x00000000      0x6e2 C:\Users\luuph\AppData\Local\Temp\ccWMXrQx.o
 .debug_info    0x000006e2      0x45d C:\Users\luuph\AppData\Local\Temp\ccUZUKHP.o
 .debug_info    0x00000b3f      0x147 C:\Users\luuph\AppData\Local\Temp\ccgxcqY8.o
 .debug_info    0x00000c86      0x38d C:\Users\luuph\AppData\Local\Temp\cc6rAUAw.o
 .debug_info    0x00001013      0x4a0 C:\Users\luuph\AppData\Local\Temp\ccgTnErZ.o
 .debug_info    0x000014b3      0x7dd C:\Users\luuph\AppData\Local\Temp\cc2zTtBw.o
 .debug_info    0x00001c90      0x4fc C:\Users\luuph\AppData\Local\Temp\ccgtorZ8.o

.debug_abbrev   0x00000000      0x97a
 .debug_abbrev  0x00000000      0x17a C:\Users\luuph\AppData\Local\Temp\ccWMXrQx.o
 .debug_abbrev  0x0000017a      0x153 C:\Users\luuph\AppData\Local\Temp\ccUZUKHP.o
 .debug_abbrev  0x000002cd       0xe7 C:\Users\luuph\AppData\Local\Temp\ccgxcqY8.o
 .debug_abbrev  0x000003b4      0x17c C:\Users\luuph\AppData\Local\Temp\cc6rAUAw.o
 .debug_abbrev  0x00000530      0x170 C:\Users\luuph\AppData\Local\Temp\ccgTnErZ.o
 .debug_abbrev  0x000006a0      0x1b7 C:\Users\luuph\AppData\Local\Temp\cc2zTtBw.o
 .debug_abbrev  0x00000857      0x123 C:\Users\luuph\AppData\Local\Temp\ccgtorZ8.o

.debug_aranges  0x00000000       0xe0
 .debug_aranges
                0x00000000       0x20 C:\Users\luuph\AppData\Local\Temp\ccWMXrQx.o
 .debug_aranges
                0x00000020       0x20 C:\Users\luuph\AppData\Local\Temp\ccUZUKHP.o
 .debug_aranges
                0x00000040       0x20 C:\Users\luuph\AppData\Local\Temp\ccgxcqY8.o
 .debug_aranges
                0x00000060       0x20 C:\Users\luuph\AppData\Local\Temp\cc6rAUAw.o
 .debug_aranges
                0x00000080       0x20 C:\Users\luuph\AppData\Local\Temp\ccgTnErZ.o
 .debug_aranges
                0x000000a0       0x20 C:\Users\luuph\AppData\Local\Temp\cc2zTtBw.o
 .debug_aranges
                0x000000c0       0x20 C:\Users\luuph\AppData\Local\Temp\ccgtorZ8.o

.debug_line     0x00000000     0x1a66
 .debug_line    0x00000000      0x1da C:\Users\luuph\AppData\Local\Temp\ccWMXrQx.o
 .debug_line    0x000001da      0x2cd C:\Users\luuph\AppData\Local\Temp\ccUZUKHP.o
 .debug_line    0x000004a7      0x154 C:\Users\luuph\AppData\Local\Temp\ccgxcqY8.o
 .debug_line    0x000005fb      0x4e8 C:\Users\luuph\AppData\Local\Temp\cc6rAUAw.o
 .debug_line    0x00000ae3      0x4c0 C:\Users\luuph\AppData\Local\Temp\ccgTnErZ.o
 .debug_line    0x00000fa3      0x796 C:\Users\luuph\AppData\Local\Temp\cc2zTtBw.o
 .debug_line    0x00001739      0x32d C:\Users\luuph\AppData\Local\Temp\ccgtorZ8.o

.debug_str      0x00000000      0xdbc
 .debug_str     0x00000000      0xdbc C:\Users\luuph\AppData\Local\Temp\ccWMXrQx.o
                                0x695 (size before relaxing)
 .debug_str     0x00000dbc      0x35e C:\Users\luuph\AppData\Local\Temp\ccUZUKHP.o
 .debug_str     0x00000dbc      0x18c C:\Users\luuph\AppData\Local\Temp\ccgxcqY8.o
 .debug_str     0x00000dbc      0x313 C:\Users\luuph\AppData\Local\Temp\cc6rAUAw.o
 .debug_str     0x00000dbc      0x377 C:\Users\luuph\AppData\Local\Temp\ccgTnErZ.o
 .debug_str     0x00000dbc      0x618 C:\Users\luuph\AppData\Local\Temp\cc2zTtBw.o
 .debug_str     0x00000dbc      0x37e C:\Users\luuph\AppData\Local\Temp\ccgtorZ8.o

.comment        0x00000000       0x45
 .comment       0x00000000       0x45 C:\Users\luuph\AppData\Local\Temp\ccWMXrQx.o
                                 0x46 (size before relaxing)
 .comment       0x00000045       0x46 C:\Users\luuph\AppData\Local\Temp\ccUZUKHP.o
 .comment       0x00000045       0x46 C:\Users\luuph\AppData\Local\Temp\ccgxcqY8.o
 .comment       0x00000045       0x46 C:\Users\luuph\AppData\Local\Temp\cc6rAUAw.o
 .comment       0x00000045       0x46 C:\Users\luuph\AppData\Local\Temp\ccgTnErZ.o
 .comment       0x00000045       0x46 C:\Users\luuph\AppData\Local\Temp\cc2zTtBw.o
 .comment       0x00000045       0x46 C:\Users\luuph\AppData\Local\Temp\ccgtorZ8.o

.ARM.attributes
                0x00000000       0x2d
 .ARM.attributes
                0x00000000       0x2d C:\Users\luuph\AppData\Local\Temp\ccWMXrQx.o
 .ARM.attributes
                0x0000002d       0x2d C:\Users\luuph\AppData\Local\Temp\ccUZUKHP.o
 .ARM.attributes
                0x0000005a       0x2d C:\Users\luuph\AppData\Local\Temp\ccgxcqY8.o
 .ARM.attributes
                0x00000087       0x2d C:\Users\luuph\AppData\Local\Temp\cc6rAUAw.o
 .ARM.attributes
                0x000000b4       0x2d C:\Users\luuph\AppData\Local\Temp\ccgTnErZ.o
 .ARM.attributes
                0x000000e1       0x2d C:\Users\luuph\AppData\Local\Temp\cc2zTtBw.o
 .ARM.attributes
                0x0000010e       0x2d C:\Users\luuph\AppData\Local\Temp\ccgtorZ8.o

.debug_frame    0x00000000      0x684
 .debug_frame   0x00000000       0x54 C:\Users\luuph\AppData\Local\Temp\ccWMXrQx.o
 .debug_frame   0x00000054      0x178 C:\Users\luuph\AppData\Local\Temp\ccUZUKHP.o
 .debug_frame   0x000001cc       0x48 C:\Users\luuph\AppData\Local\Temp\ccgxcqY8.o
 .debug_frame   0x00000214       0xec C:\Users\luuph\AppData\Local\Temp\cc6rAUAw.o
 .debug_frame   0x00000300      0x110 C:\Users\luuph\AppData\Local\Temp\ccgTnErZ.o
 .debug_frame   0x00000410      0x1c4 C:\Users\luuph\AppData\Local\Temp\cc2zTtBw.o
 .debug_frame   0x000005d4       0xb0 C:\Users\luuph\AppData\Local\Temp\ccgtorZ8.o
