
There are no discarded input sections

Memory Configuration

Name             Origin             Length             Attributes
FLASH            0x08000000         0x00010000         xr
RAM              0x20000000         0x00005000         xrw
*default*        0x00000000         0xffffffff

Linker script and memory map

LOAD C:\Users\luuph\AppData\Local\Temp\cciasYeC.o
LOAD C:\Users\luuph\AppData\Local\Temp\cc0mJ96s.o
LOAD C:\Users\luuph\AppData\Local\Temp\ccGQTQxl.o
LOAD C:\Users\luuph\AppData\Local\Temp\cceEmRgj.o
LOAD C:\Users\luuph\AppData\Local\Temp\ccqAPQll.o
LOAD C:\Users\luuph\AppData\Local\Temp\ccuQkTEs.o

.isr_vector     0x08000000       0xe4
                0x08000000                        . = ALIGN (0x4)
 *(.isr_vector)
 .isr_vector    0x08000000       0xe4 C:\Users\luuph\AppData\Local\Temp\ccGQTQxl.o
                0x08000000                g_pfnVectors
                0x080000e4                        . = ALIGN (0x4)

.text           0x080000e4     0x1684
                0x080000e4                        . = ALIGN (0x4)
 *(.text)
 .text          0x080000e4       0xa8 C:\Users\luuph\AppData\Local\Temp\cciasYeC.o
                0x080000e4                delay
                0x08000104                main
 .text          0x0800018c      0x2c4 C:\Users\luuph\AppData\Local\Temp\cc0mJ96s.o
                0x0800018c                Dio_ReadChannel
                0x080001d8                Dio_WriteChannel
                0x08000268                Dio_ReadPort
                0x0800028c                Dio_WritePort
                0x080002b8                Dio_ReadChannelGroup
                0x080002f4                Dio_WriteChannelGroup
                0x0800034c                Dio_GetVersionInfo
                0x08000384                Dio_FlipChannel
                0x080003fc                Dio_MaskedWritePort
 .text          0x08000450       0x64 C:\Users\luuph\AppData\Local\Temp\ccGQTQxl.o
                0x08000450                Reset_Handler
                0x080004ac                HardFault_Handler
                0x080004ac                SysTick_Handler
                0x080004ac                PVD_IRQHandler
                0x080004ac                PendSV_Handler
                0x080004ac                NMI_Handler
                0x080004ac                EXTI0_IRQHandler
                0x080004ac                UsageFault_Handler
                0x080004ac                DebugMon_Handler
                0x080004ac                TIM3_IRQHandler
                0x080004ac                Default_Handler
                0x080004ac                EXTI15_10_IRQHandler
                0x080004ac                MemManage_Handler
                0x080004ac                SVC_Handler
                0x080004ac                WWDG_IRQHandler
                0x080004ac                TIM2_IRQHandler
                0x080004ac                EXTI1_IRQHandler
                0x080004ac                BusFault_Handler
                0x080004ac                USART1_IRQHandler
 .text          0x080004b4      0x808 C:\Users\luuph\AppData\Local\Temp\cceEmRgj.o
                0x080004b4                Port_Init
                0x08000690                Port_SetPinDirection
                0x08000938                Port_RefreshPortDirection
                0x08000b2c                Port_GetVersionInfo
                0x08000b3e                Port_SetPinMode
 .text          0x08000cbc      0x738 C:\Users\luuph\AppData\Local\Temp\ccqAPQll.o
                0x08000cbc                get_CCRx
                0x08000d00                Pwm_Init
                0x08001180                Pwm_DeInit
                0x080011a4                Pwm_SetDutyCycle
                0x08001260                Pwm_SetPeriodAndDuty
                0x08001328                Pwm_SetOutputToIdle
                0x0800138c                Pwm_GetOutputState
 .text          0x080013f4      0x360 C:\Users\luuph\AppData\Local\Temp\ccuQkTEs.o
                0x080013f4                Adc_Init
                0x0800162c                Adc_SetupResultBuffer
                0x080016ac                Adc_DeInit
                0x080016e8                Adc_StartGroupConversion
 *(.text*)
 *(.rodata)
 .rodata        0x08001754       0x14 C:\Users\luuph\AppData\Local\Temp\cciasYeC.o
                0x08001754                Port_Configuration
 *(.rodata*)
                0x08001768                        . = ALIGN (0x4)
                0x08001768                        _etext = .

.glue_7         0x08001768        0x0
 .glue_7        0x08001768        0x0 linker stubs

.glue_7t        0x08001768        0x0
 .glue_7t       0x08001768        0x0 linker stubs

.vfp11_veneer   0x08001768        0x0
 .vfp11_veneer  0x08001768        0x0 linker stubs

.v4_bx          0x08001768        0x0
 .v4_bx         0x08001768        0x0 linker stubs

.iplt           0x08001768        0x0
 .iplt          0x08001768        0x0 C:\Users\luuph\AppData\Local\Temp\cciasYeC.o

.rel.dyn        0x08001768        0x0
 .rel.iplt      0x08001768        0x0 C:\Users\luuph\AppData\Local\Temp\cciasYeC.o

.data           0x20000000       0x6c load address 0x08001768
                0x20000000                        . = ALIGN (0x4)
                0x20000000                        _sdata = .
 *(.data)
 .data          0x20000000       0x4c C:\Users\luuph\AppData\Local\Temp\cciasYeC.o
                0x20000000                Pwm_Configuration
                0x20000028                Adc_Configuration
 .data          0x2000004c       0x10 C:\Users\luuph\AppData\Local\Temp\cc0mJ96s.o
 .data          0x2000005c        0x0 C:\Users\luuph\AppData\Local\Temp\ccGQTQxl.o
 .data          0x2000005c       0x10 C:\Users\luuph\AppData\Local\Temp\cceEmRgj.o
 .data          0x2000006c        0x0 C:\Users\luuph\AppData\Local\Temp\ccqAPQll.o
 .data          0x2000006c        0x0 C:\Users\luuph\AppData\Local\Temp\ccuQkTEs.o
 *(.data*)
                0x2000006c                        . = ALIGN (0x4)
                0x2000006c                        _edata = .
                0x08001768                        _sidata = LOADADDR (.data)

.igot.plt       0x2000006c        0x0 load address 0x080017d4
 .igot.plt      0x2000006c        0x0 C:\Users\luuph\AppData\Local\Temp\cciasYeC.o

.bss            0x2000006c       0x18 load address 0x080017d4
                0x2000006c                        . = ALIGN (0x4)
                0x2000006c                        _sbss = .
 *(.bss)
 .bss           0x2000006c        0xc C:\Users\luuph\AppData\Local\Temp\cciasYeC.o
                0x2000006c                Count
                0x20000070                adcValue
 .bss           0x20000078        0x4 C:\Users\luuph\AppData\Local\Temp\cc0mJ96s.o
 .bss           0x2000007c        0x0 C:\Users\luuph\AppData\Local\Temp\ccGQTQxl.o
 .bss           0x2000007c        0x0 C:\Users\luuph\AppData\Local\Temp\cceEmRgj.o
 .bss           0x2000007c        0x0 C:\Users\luuph\AppData\Local\Temp\ccqAPQll.o
 .bss           0x2000007c        0x8 C:\Users\luuph\AppData\Local\Temp\ccuQkTEs.o
 *(.bss*)
 *(COMMON)
                0x20000084                        . = ALIGN (0x4)
                0x20000084                        _ebss = .
                0x20000084                        _sheap = .
                0x20005000                        _estack = (ORIGIN (RAM) + LENGTH (RAM))
OUTPUT(firmware.elf elf32-littlearm)
LOAD linker stubs

.debug_info     0x00000000     0x184d
 .debug_info    0x00000000      0x5ba C:\Users\luuph\AppData\Local\Temp\cciasYeC.o
 .debug_info    0x000005ba      0x45d C:\Users\luuph\AppData\Local\Temp\cc0mJ96s.o
 .debug_info    0x00000a17      0x147 C:\Users\luuph\AppData\Local\Temp\ccGQTQxl.o
 .debug_info    0x00000b5e      0x38d C:\Users\luuph\AppData\Local\Temp\cceEmRgj.o
 .debug_info    0x00000eeb      0x4a4 C:\Users\luuph\AppData\Local\Temp\ccqAPQll.o
 .debug_info    0x0000138f      0x4be C:\Users\luuph\AppData\Local\Temp\ccuQkTEs.o

.debug_abbrev   0x00000000      0x85e
 .debug_abbrev  0x00000000      0x1af C:\Users\luuph\AppData\Local\Temp\cciasYeC.o
 .debug_abbrev  0x000001af      0x153 C:\Users\luuph\AppData\Local\Temp\cc0mJ96s.o
 .debug_abbrev  0x00000302       0xe7 C:\Users\luuph\AppData\Local\Temp\ccGQTQxl.o
 .debug_abbrev  0x000003e9      0x17c C:\Users\luuph\AppData\Local\Temp\cceEmRgj.o
 .debug_abbrev  0x00000565      0x16f C:\Users\luuph\AppData\Local\Temp\ccqAPQll.o
 .debug_abbrev  0x000006d4      0x18a C:\Users\luuph\AppData\Local\Temp\ccuQkTEs.o

.debug_aranges  0x00000000       0xc0
 .debug_aranges
                0x00000000       0x20 C:\Users\luuph\AppData\Local\Temp\cciasYeC.o
 .debug_aranges
                0x00000020       0x20 C:\Users\luuph\AppData\Local\Temp\cc0mJ96s.o
 .debug_aranges
                0x00000040       0x20 C:\Users\luuph\AppData\Local\Temp\ccGQTQxl.o
 .debug_aranges
                0x00000060       0x20 C:\Users\luuph\AppData\Local\Temp\cceEmRgj.o
 .debug_aranges
                0x00000080       0x20 C:\Users\luuph\AppData\Local\Temp\ccqAPQll.o
 .debug_aranges
                0x000000a0       0x20 C:\Users\luuph\AppData\Local\Temp\ccuQkTEs.o

.debug_line     0x00000000     0x137b
 .debug_line    0x00000000      0x22b C:\Users\luuph\AppData\Local\Temp\cciasYeC.o
 .debug_line    0x0000022b      0x2cd C:\Users\luuph\AppData\Local\Temp\cc0mJ96s.o
 .debug_line    0x000004f8      0x154 C:\Users\luuph\AppData\Local\Temp\ccGQTQxl.o
 .debug_line    0x0000064c      0x4ea C:\Users\luuph\AppData\Local\Temp\cceEmRgj.o
 .debug_line    0x00000b36      0x4c2 C:\Users\luuph\AppData\Local\Temp\ccqAPQll.o
 .debug_line    0x00000ff8      0x383 C:\Users\luuph\AppData\Local\Temp\ccuQkTEs.o

.debug_str      0x00000000      0x9cb
 .debug_str     0x00000000      0x9cb C:\Users\luuph\AppData\Local\Temp\cciasYeC.o
                                0x57f (size before relaxing)
 .debug_str     0x000009cb      0x360 C:\Users\luuph\AppData\Local\Temp\cc0mJ96s.o
 .debug_str     0x000009cb      0x18c C:\Users\luuph\AppData\Local\Temp\ccGQTQxl.o
 .debug_str     0x000009cb      0x315 C:\Users\luuph\AppData\Local\Temp\cceEmRgj.o
 .debug_str     0x000009cb      0x379 C:\Users\luuph\AppData\Local\Temp\ccqAPQll.o
 .debug_str     0x000009cb      0x42c C:\Users\luuph\AppData\Local\Temp\ccuQkTEs.o

.comment        0x00000000       0x45
 .comment       0x00000000       0x45 C:\Users\luuph\AppData\Local\Temp\cciasYeC.o
                                 0x46 (size before relaxing)
 .comment       0x00000045       0x46 C:\Users\luuph\AppData\Local\Temp\cc0mJ96s.o
 .comment       0x00000045       0x46 C:\Users\luuph\AppData\Local\Temp\ccGQTQxl.o
 .comment       0x00000045       0x46 C:\Users\luuph\AppData\Local\Temp\cceEmRgj.o
 .comment       0x00000045       0x46 C:\Users\luuph\AppData\Local\Temp\ccqAPQll.o
 .comment       0x00000045       0x46 C:\Users\luuph\AppData\Local\Temp\ccuQkTEs.o

.ARM.attributes
                0x00000000       0x2d
 .ARM.attributes
                0x00000000       0x2d C:\Users\luuph\AppData\Local\Temp\cciasYeC.o
 .ARM.attributes
                0x0000002d       0x2d C:\Users\luuph\AppData\Local\Temp\cc0mJ96s.o
 .ARM.attributes
                0x0000005a       0x2d C:\Users\luuph\AppData\Local\Temp\ccGQTQxl.o
 .ARM.attributes
                0x00000087       0x2d C:\Users\luuph\AppData\Local\Temp\cceEmRgj.o
 .ARM.attributes
                0x000000b4       0x2d C:\Users\luuph\AppData\Local\Temp\ccqAPQll.o
 .ARM.attributes
                0x000000e1       0x2d C:\Users\luuph\AppData\Local\Temp\ccuQkTEs.o

.debug_frame    0x00000000      0x4b8
 .debug_frame   0x00000000       0x54 C:\Users\luuph\AppData\Local\Temp\cciasYeC.o
 .debug_frame   0x00000054      0x178 C:\Users\luuph\AppData\Local\Temp\cc0mJ96s.o
 .debug_frame   0x000001cc       0x48 C:\Users\luuph\AppData\Local\Temp\ccGQTQxl.o
 .debug_frame   0x00000214       0xec C:\Users\luuph\AppData\Local\Temp\cceEmRgj.o
 .debug_frame   0x00000300      0x110 C:\Users\luuph\AppData\Local\Temp\ccqAPQll.o
 .debug_frame   0x00000410       0xa8 C:\Users\luuph\AppData\Local\Temp\ccuQkTEs.o
