
Memory Configuration

Name             Origin             Length             Attributes
FLASH            0x08000000         0x00010000         xr
RAM              0x20000000         0x00005000         xrw
*default*        0x00000000         0xffffffff

Linker script and memory map

LOAD C:\Users\PHUCLU~1\AppData\Local\Temp\ccC1jG95.o
LOAD C:\Users\PHUCLU~1\AppData\Local\Temp\ccN1D14F.o
LOAD C:\Users\PHUCLU~1\AppData\Local\Temp\ccWIwL9l.o
LOAD C:\Users\PHUCLU~1\AppData\Local\Temp\cc1nXiv6.o
LOAD C:\Users\PHUCLU~1\AppData\Local\Temp\cc66DLmU.o
LOAD C:\Users\PHUCLU~1\AppData\Local\Temp\cc1wfnEN.o

.isr_vector     0x08000000       0xe4
                0x08000000                . = ALIGN (0x4)
 *(.isr_vector)
 .isr_vector    0x08000000       0xe4 C:\Users\PHUCLU~1\AppData\Local\Temp\ccWIwL9l.o
                0x08000000                g_pfnVectors
                0x080000e4                . = ALIGN (0x4)

.text           0x080000e4     0x165c
                0x080000e4                . = ALIGN (0x4)
 *(.text)
 .text          0x080000e4       0xa0 C:\Users\PHUCLU~1\AppData\Local\Temp\ccC1jG95.o
                0x080000e4                delay
                0x08000104                main
 .text          0x08000184      0x2c4 C:\Users\PHUCLU~1\AppData\Local\Temp\ccN1D14F.o
                0x08000184                Dio_ReadChannel
                0x080001d0                Dio_WriteChannel
                0x08000260                Dio_ReadPort
                0x08000284                Dio_WritePort
                0x080002b0                Dio_ReadChannelGroup
                0x080002ec                Dio_WriteChannelGroup
                0x08000344                Dio_GetVersionInfo
                0x0800037c                Dio_FlipChannel
                0x080003f4                Dio_MaskedWritePort
 .text          0x08000448       0x64 C:\Users\PHUCLU~1\AppData\Local\Temp\ccWIwL9l.o
                0x08000448                Reset_Handler
                0x080004a4                HardFault_Handler
                0x080004a4                SysTick_Handler
                0x080004a4                PVD_IRQHandler
                0x080004a4                PendSV_Handler
                0x080004a4                NMI_Handler
                0x080004a4                EXTI0_IRQHandler
                0x080004a4                UsageFault_Handler
                0x080004a4                DebugMon_Handler
                0x080004a4                TIM3_IRQHandler
                0x080004a4                Default_Handler
                0x080004a4                EXTI15_10_IRQHandler
                0x080004a4                MemManage_Handler
                0x080004a4                SVC_Handler
                0x080004a4                WWDG_IRQHandler
                0x080004a4                TIM2_IRQHandler
                0x080004a4                EXTI1_IRQHandler
                0x080004a4                BusFault_Handler
                0x080004a4                USART1_IRQHandler
 .text          0x080004ac      0x808 C:\Users\PHUCLU~1\AppData\Local\Temp\cc1nXiv6.o
                0x080004ac                Port_Init
                0x08000688                Port_SetPinDirection
                0x08000930                Port_RefreshPortDirection
                0x08000b24                Port_GetVersionInfo
                0x08000b36                Port_SetPinMode
 .text          0x08000cb4      0x730 C:\Users\PHUCLU~1\AppData\Local\Temp\cc66DLmU.o
                0x08000cb4                get_CCRx
                0x08000cf8                Pwm_Init
                0x08001178                Pwm_DeInit
                0x08001194                Pwm_SetDutyCycle
                0x08001250                Pwm_SetPeriodAndDuty
                0x08001318                Pwm_SetOutputToIdle
                0x0800137c                Pwm_GetOutputState
 .text          0x080013e4      0x348 C:\Users\PHUCLU~1\AppData\Local\Temp\cc1wfnEN.o
                0x080013e4                Adc_Init
                0x08001554                Adc_SetupResultBuffer
                0x08001590                Adc_DeInit
                0x080015cc                Adc_StartGroupConversion
                0x080016f4                Adc_StopGroupConversion
 *(.text*)
 *(.rodata)
 .rodata        0x0800172c       0x14 C:\Users\PHUCLU~1\AppData\Local\Temp\ccC1jG95.o
                0x0800172c                Port_Configuration
 *(.rodata*)
                0x08001740                . = ALIGN (0x4)
                0x08001740                _etext = .

.glue_7         0x08001740        0x0
 .glue_7        0x08001740        0x0 linker stubs

.glue_7t        0x08001740        0x0
 .glue_7t       0x08001740        0x0 linker stubs

.vfp11_veneer   0x08001740        0x0
 .vfp11_veneer  0x08001740        0x0 linker stubs

.v4_bx          0x08001740        0x0
 .v4_bx         0x08001740        0x0 linker stubs

.iplt           0x08001740        0x0
 .iplt          0x08001740        0x0 C:\Users\PHUCLU~1\AppData\Local\Temp\ccC1jG95.o

.rel.dyn        0x08001740        0x0
 .rel.iplt      0x08001740        0x0 C:\Users\PHUCLU~1\AppData\Local\Temp\ccC1jG95.o

.data           0x20000000       0x64 load address 0x08001740
                0x20000000                . = ALIGN (0x4)
                0x20000000                _sdata = .
 *(.data)
 .data          0x20000000       0x43 C:\Users\PHUCLU~1\AppData\Local\Temp\ccC1jG95.o
                0x20000000                Pwm_Configuration
                0x20000028                Adc_Channel
 *fill*         0x20000043        0x1 
 .data          0x20000044       0x10 C:\Users\PHUCLU~1\AppData\Local\Temp\ccN1D14F.o
 .data          0x20000054        0x0 C:\Users\PHUCLU~1\AppData\Local\Temp\ccWIwL9l.o
 .data          0x20000054       0x10 C:\Users\PHUCLU~1\AppData\Local\Temp\cc1nXiv6.o
 .data          0x20000064        0x0 C:\Users\PHUCLU~1\AppData\Local\Temp\cc66DLmU.o
 .data          0x20000064        0x0 C:\Users\PHUCLU~1\AppData\Local\Temp\cc1wfnEN.o
 *(.data*)
                0x20000064                . = ALIGN (0x4)
                0x20000064                _edata = .
                0x08001740                _sidata = LOADADDR (.data)

.igot.plt       0x20000064        0x0 load address 0x080017a4
 .igot.plt      0x20000064        0x0 C:\Users\PHUCLU~1\AppData\Local\Temp\ccC1jG95.o

.bss            0x20000064       0x90 load address 0x080017a4
                0x20000064                . = ALIGN (0x4)
                0x20000064                _sbss = .
 *(.bss)
 .bss           0x20000064        0xa C:\Users\PHUCLU~1\AppData\Local\Temp\ccC1jG95.o
                0x20000064                Count
                0x20000068                adcValue
 *fill*         0x2000006e        0x2 
 .bss           0x20000070        0x4 C:\Users\PHUCLU~1\AppData\Local\Temp\ccN1D14F.o
 .bss           0x20000074        0x0 C:\Users\PHUCLU~1\AppData\Local\Temp\ccWIwL9l.o
 .bss           0x20000074        0x0 C:\Users\PHUCLU~1\AppData\Local\Temp\cc1nXiv6.o
 .bss           0x20000074        0x0 C:\Users\PHUCLU~1\AppData\Local\Temp\cc66DLmU.o
 .bss           0x20000074       0x80 C:\Users\PHUCLU~1\AppData\Local\Temp\cc1wfnEN.o
 *(.bss*)
 *(COMMON)
                0x200000f4                . = ALIGN (0x4)
                0x200000f4                _ebss = .
                0x200000f4                _sheap = .
                0x20005000                _estack = (ORIGIN (RAM) + LENGTH (RAM))
OUTPUT(firmware.elf elf32-littlearm)
LOAD linker stubs

.debug_info     0x00000000     0x18fe
 .debug_info    0x00000000      0x552 C:\Users\PHUCLU~1\AppData\Local\Temp\ccC1jG95.o
 .debug_info    0x00000552      0x490 C:\Users\PHUCLU~1\AppData\Local\Temp\ccN1D14F.o
 .debug_info    0x000009e2      0x14c C:\Users\PHUCLU~1\AppData\Local\Temp\ccWIwL9l.o
 .debug_info    0x00000b2e      0x3b5 C:\Users\PHUCLU~1\AppData\Local\Temp\cc1nXiv6.o
 .debug_info    0x00000ee3      0x4f6 C:\Users\PHUCLU~1\AppData\Local\Temp\cc66DLmU.o
 .debug_info    0x000013d9      0x525 C:\Users\PHUCLU~1\AppData\Local\Temp\cc1wfnEN.o

.debug_abbrev   0x00000000      0x7d9
 .debug_abbrev  0x00000000      0x169 C:\Users\PHUCLU~1\AppData\Local\Temp\ccC1jG95.o
 .debug_abbrev  0x00000169      0x14b C:\Users\PHUCLU~1\AppData\Local\Temp\ccN1D14F.o
 .debug_abbrev  0x000002b4       0xcf C:\Users\PHUCLU~1\AppData\Local\Temp\ccWIwL9l.o
 .debug_abbrev  0x00000383      0x170 C:\Users\PHUCLU~1\AppData\Local\Temp\cc1nXiv6.o
 .debug_abbrev  0x000004f3      0x167 C:\Users\PHUCLU~1\AppData\Local\Temp\cc66DLmU.o
 .debug_abbrev  0x0000065a      0x17f C:\Users\PHUCLU~1\AppData\Local\Temp\cc1wfnEN.o

.debug_aranges  0x00000000       0xc0
 .debug_aranges
                0x00000000       0x20 C:\Users\PHUCLU~1\AppData\Local\Temp\ccC1jG95.o
 .debug_aranges
                0x00000020       0x20 C:\Users\PHUCLU~1\AppData\Local\Temp\ccN1D14F.o
 .debug_aranges
                0x00000040       0x20 C:\Users\PHUCLU~1\AppData\Local\Temp\ccWIwL9l.o
 .debug_aranges
                0x00000060       0x20 C:\Users\PHUCLU~1\AppData\Local\Temp\cc1nXiv6.o
 .debug_aranges
                0x00000080       0x20 C:\Users\PHUCLU~1\AppData\Local\Temp\cc66DLmU.o
 .debug_aranges
                0x000000a0       0x20 C:\Users\PHUCLU~1\AppData\Local\Temp\cc1wfnEN.o

.debug_line     0x00000000     0x137c
 .debug_line    0x00000000      0x1fc C:\Users\PHUCLU~1\AppData\Local\Temp\ccC1jG95.o
 .debug_line    0x000001fc      0x2f3 C:\Users\PHUCLU~1\AppData\Local\Temp\ccN1D14F.o
 .debug_line    0x000004ef      0x186 C:\Users\PHUCLU~1\AppData\Local\Temp\ccWIwL9l.o
 .debug_line    0x00000675      0x510 C:\Users\PHUCLU~1\AppData\Local\Temp\cc1nXiv6.o
 .debug_line    0x00000b85      0x4b4 C:\Users\PHUCLU~1\AppData\Local\Temp\cc66DLmU.o
 .debug_line    0x00001039      0x343 C:\Users\PHUCLU~1\AppData\Local\Temp\cc1wfnEN.o

.debug_str      0x00000000      0xa06
 .debug_str     0x00000000      0x4b7 C:\Users\PHUCLU~1\AppData\Local\Temp\ccC1jG95.o
                                0x51b (size before relaxing)
 .debug_str     0x000004b7      0x1d5 C:\Users\PHUCLU~1\AppData\Local\Temp\ccN1D14F.o
                                0x37a (size before relaxing)
 .debug_str     0x0000068c       0x70 C:\Users\PHUCLU~1\AppData\Local\Temp\ccWIwL9l.o
                                0x1a1 (size before relaxing)
 .debug_str     0x000006fc       0xc2 C:\Users\PHUCLU~1\AppData\Local\Temp\cc1nXiv6.o
                                0x32f (size before relaxing)
 .debug_str     0x000007be       0xfc C:\Users\PHUCLU~1\AppData\Local\Temp\cc66DLmU.o
                                0x393 (size before relaxing)
 .debug_str     0x000008ba      0x14c C:\Users\PHUCLU~1\AppData\Local\Temp\cc1wfnEN.o
                                0x467 (size before relaxing)

.comment        0x00000000       0x49
 .comment       0x00000000       0x49 C:\Users\PHUCLU~1\AppData\Local\Temp\ccC1jG95.o
                                 0x4a (size before relaxing)
 .comment       0x00000049       0x4a C:\Users\PHUCLU~1\AppData\Local\Temp\ccN1D14F.o
 .comment       0x00000049       0x4a C:\Users\PHUCLU~1\AppData\Local\Temp\ccWIwL9l.o
 .comment       0x00000049       0x4a C:\Users\PHUCLU~1\AppData\Local\Temp\cc1nXiv6.o
 .comment       0x00000049       0x4a C:\Users\PHUCLU~1\AppData\Local\Temp\cc66DLmU.o
 .comment       0x00000049       0x4a C:\Users\PHUCLU~1\AppData\Local\Temp\cc1wfnEN.o

.ARM.attributes
                0x00000000       0x2d
 .ARM.attributes
                0x00000000       0x2d C:\Users\PHUCLU~1\AppData\Local\Temp\ccC1jG95.o
 .ARM.attributes
                0x0000002d       0x2d C:\Users\PHUCLU~1\AppData\Local\Temp\ccN1D14F.o
 .ARM.attributes
                0x0000005a       0x2d C:\Users\PHUCLU~1\AppData\Local\Temp\ccWIwL9l.o
 .ARM.attributes
                0x00000087       0x2d C:\Users\PHUCLU~1\AppData\Local\Temp\cc1nXiv6.o
 .ARM.attributes
                0x000000b4       0x2d C:\Users\PHUCLU~1\AppData\Local\Temp\cc66DLmU.o
 .ARM.attributes
                0x000000e1       0x2d C:\Users\PHUCLU~1\AppData\Local\Temp\cc1wfnEN.o

.debug_frame    0x00000000      0x4e0
 .debug_frame   0x00000000       0x54 C:\Users\PHUCLU~1\AppData\Local\Temp\ccC1jG95.o
 .debug_frame   0x00000054      0x178 C:\Users\PHUCLU~1\AppData\Local\Temp\ccN1D14F.o
 .debug_frame   0x000001cc       0x48 C:\Users\PHUCLU~1\AppData\Local\Temp\ccWIwL9l.o
 .debug_frame   0x00000214       0xec C:\Users\PHUCLU~1\AppData\Local\Temp\cc1nXiv6.o
 .debug_frame   0x00000300      0x110 C:\Users\PHUCLU~1\AppData\Local\Temp\cc66DLmU.o
 .debug_frame   0x00000410       0xd0 C:\Users\PHUCLU~1\AppData\Local\Temp\cc1wfnEN.o
