
There are no discarded input sections

Memory Configuration

Name             Origin             Length             Attributes
FLASH            0x08000000         0x00010000         xr
RAM              0x20000000         0x00005000         xrw
*default*        0x00000000         0xffffffff

Linker script and memory map

LOAD C:\Users\luuph\AppData\Local\Temp\ccfDsJsX.o
LOAD C:\Users\luuph\AppData\Local\Temp\ccUK5ad0.o
LOAD C:\Users\luuph\AppData\Local\Temp\ccJL2Bib.o
LOAD C:\Users\luuph\AppData\Local\Temp\cc4WYxzo.o
LOAD C:\Users\luuph\AppData\Local\Temp\ccxI9CzG.o
LOAD C:\Users\luuph\AppData\Local\Temp\ccICROKZ.o
LOAD C:\Users\luuph\AppData\Local\Temp\ccVlhoDr.o
LOAD C:\Users\luuph\AppData\Local\Temp\ccYrVV6U.o
LOAD C:\Users\luuph\AppData\Local\Temp\cc3QiqPz.o
LOAD C:\Users\luuph\AppData\Local\Temp\cce7fK9f.o
LOAD C:\Users\luuph\AppData\Local\Temp\cc9SVyh1.o
LOAD C:\Users\luuph\AppData\Local\Temp\cc4EDO4S.o
LOAD C:\Users\luuph\AppData\Local\Temp\ccBy7jeP.o
LOAD C:\Users\luuph\AppData\Local\Temp\ccap3mZL.o
LOAD C:\Users\luuph\AppData\Local\Temp\ccvuYveL.o
LOAD C:\Users\luuph\AppData\Local\Temp\ccgryLPQ.o

.isr_vector     0x08000000       0xe4
                0x08000000                        . = ALIGN (0x4)
 *(.isr_vector)
 .isr_vector    0x08000000       0xe4 C:\Users\luuph\AppData\Local\Temp\ccfDsJsX.o
                0x08000000                g_pfnVectors
                0x080000e4                        . = ALIGN (0x4)

.text           0x080000e4     0x231c
                0x080000e4                        . = ALIGN (0x4)
 *(.text)
 .text          0x080000e4       0x64 C:\Users\luuph\AppData\Local\Temp\ccfDsJsX.o
                0x080000e4                Reset_Handler
                0x08000140                HardFault_Handler
                0x08000140                SysTick_Handler
                0x08000140                PVD_IRQHandler
                0x08000140                PendSV_Handler
                0x08000140                NMI_Handler
                0x08000140                EXTI0_IRQHandler
                0x08000140                UsageFault_Handler
                0x08000140                DebugMon_Handler
                0x08000140                TIM3_IRQHandler
                0x08000140                Default_Handler
                0x08000140                EXTI15_10_IRQHandler
                0x08000140                MemManage_Handler
                0x08000140                SVC_Handler
                0x08000140                WWDG_IRQHandler
                0x08000140                TIM2_IRQHandler
                0x08000140                EXTI1_IRQHandler
                0x08000140                BusFault_Handler
                0x08000140                USART1_IRQHandler
 .text          0x08000148       0xa0 C:\Users\luuph\AppData\Local\Temp\ccUK5ad0.o
                0x08000148                delay
                0x08000168                main
 .text          0x080001e8      0x2c8 C:\Users\luuph\AppData\Local\Temp\ccJL2Bib.o
                0x080001e8                Dio_ReadChannel
                0x08000234                Dio_WriteChannel
                0x080002c4                Dio_ReadPort
                0x080002e8                Dio_WritePort
                0x08000314                Dio_ReadChannelGroup
                0x08000350                Dio_WriteChannelGroup
                0x080003a8                Dio_GetVersionInfo
                0x080003e0                Dio_FlipChannel
                0x0800045c                Dio_MaskedWritePort
 .text          0x080004b0        0x0 C:\Users\luuph\AppData\Local\Temp\cc4WYxzo.o
 .text          0x080004b0      0x808 C:\Users\luuph\AppData\Local\Temp\ccxI9CzG.o
                0x080004b0                Port_Init
                0x0800068c                Port_SetPinDirection
                0x08000934                Port_RefreshPortDirection
                0x08000b28                Port_GetVersionInfo
                0x08000b3a                Port_SetPinMode
 .text          0x08000cb8        0x0 C:\Users\luuph\AppData\Local\Temp\ccICROKZ.o
 .text          0x08000cb8      0x730 C:\Users\luuph\AppData\Local\Temp\ccVlhoDr.o
                0x08000cfc                Pwm_Init
                0x0800117c                Pwm_DeInit
                0x08001198                Pwm_SetDutyCycle
                0x08001254                Pwm_SetPeriodAndDuty
                0x0800131c                Pwm_SetOutputToIdle
                0x08001380                Pwm_GetOutputState
 .text          0x080013e8        0x0 C:\Users\luuph\AppData\Local\Temp\ccYrVV6U.o
 .text          0x080013e8      0xc04 C:\Users\luuph\AppData\Local\Temp\cc3QiqPz.o
                0x08001468                Adc_Init
                0x08001564                Adc_DeInit
                0x080015a0                Adc_SetupResultBuffer
                0x080016b4                Adc_StartGroupConversion
                0x08001c8c                Adc_StopGroupConversion
                0x08001cd0                Adc_ReadGroup
                0x08001da0                Adc_EnableHardwareTrigger
                0x08001e2c                Adc_DisableHardwareTrigger
                0x08001eb4                Adc_EnableGroupNotification
                0x08001f40                Adc_DisableGroupNotification
                0x08001fcc                Adc_GetGroupStatus
 .text          0x08001fec        0x0 C:\Users\luuph\AppData\Local\Temp\cce7fK9f.o
 .text          0x08001fec      0x2f0 C:\Users\luuph\AppData\Local\Temp\cc9SVyh1.o
                0x08001fec                Mcu_Init
                0x08002074                Mcu_InitClock
                0x08002208                Mcu_InitRamSection
                0x0800221e                Mcu_SetMode
 .text          0x080022dc        0x0 C:\Users\luuph\AppData\Local\Temp\cc4EDO4S.o
 .text          0x080022dc       0x24 C:\Users\luuph\AppData\Local\Temp\ccBy7jeP.o
                0x080022dc                ADC1_2_IRQHandler
 .text          0x08002300        0x0 C:\Users\luuph\AppData\Local\Temp\ccap3mZL.o
 .text          0x08002300       0xb8 C:\Users\luuph\AppData\Local\Temp\ccvuYveL.o
                0x08002300                IoHwAb_InitIoHwAbSensor
                0x0800232c                IoHwAb_InitIoHwAbActuator
                0x08002358                IoHwAb_Dcm_Sensor
                0x08002390                IoHwAb_Dcm_Actuator
 .text          0x080023b8        0x0 C:\Users\luuph\AppData\Local\Temp\ccgryLPQ.o
 *(.text*)
 *(.rodata)
 .rodata        0x080023b8       0x1e C:\Users\luuph\AppData\Local\Temp\ccICROKZ.o
                0x080023b8                Port_Configuration
 *fill*         0x080023d6        0x2 
 .rodata        0x080023d8       0x28 C:\Users\luuph\AppData\Local\Temp\cce7fK9f.o
                0x080023d8                Adc_Configuration
 *(.rodata*)
                0x08002400                        . = ALIGN (0x4)
                0x08002400                        _etext = .

.glue_7         0x08002400        0x0
 .glue_7        0x08002400        0x0 linker stubs

.glue_7t        0x08002400        0x0
 .glue_7t       0x08002400        0x0 linker stubs

.vfp11_veneer   0x08002400        0x0
 .vfp11_veneer  0x08002400        0x0 linker stubs

.v4_bx          0x08002400        0x0
 .v4_bx         0x08002400        0x0 linker stubs

.iplt           0x08002400        0x0
 .iplt          0x08002400        0x0 C:\Users\luuph\AppData\Local\Temp\ccfDsJsX.o

.rel.dyn        0x08002400        0x0
 .rel.iplt      0x08002400        0x0 C:\Users\luuph\AppData\Local\Temp\ccfDsJsX.o

.data           0x20000000       0x74 load address 0x08002400
                0x20000000                        . = ALIGN (0x4)
                0x20000000                        _sdata = .
 *(.data)
 .data          0x20000000        0x0 C:\Users\luuph\AppData\Local\Temp\ccfDsJsX.o
 .data          0x20000000        0x0 C:\Users\luuph\AppData\Local\Temp\ccUK5ad0.o
 .data          0x20000000       0x10 C:\Users\luuph\AppData\Local\Temp\ccJL2Bib.o
 .data          0x20000010        0xc C:\Users\luuph\AppData\Local\Temp\cc4WYxzo.o
                0x20000010                Dio_Config
 .data          0x2000001c       0x10 C:\Users\luuph\AppData\Local\Temp\ccxI9CzG.o
 .data          0x2000002c        0x0 C:\Users\luuph\AppData\Local\Temp\ccICROKZ.o
 .data          0x2000002c        0x0 C:\Users\luuph\AppData\Local\Temp\ccVlhoDr.o
 .data          0x2000002c        0xa C:\Users\luuph\AppData\Local\Temp\ccYrVV6U.o
                0x2000002c                Pwm_Configuration
 *fill*         0x20000036        0x2 
 .data          0x20000038        0x8 C:\Users\luuph\AppData\Local\Temp\cc3QiqPz.o
 .data          0x20000040        0xe C:\Users\luuph\AppData\Local\Temp\cce7fK9f.o
 .data          0x2000004e        0x0 C:\Users\luuph\AppData\Local\Temp\cc9SVyh1.o
 *fill*         0x2000004e        0x2 
 .data          0x20000050       0x1c C:\Users\luuph\AppData\Local\Temp\cc4EDO4S.o
                0x20000050                PrehiralConfig
                0x2000005c                Mcu_Clock_Configuration
                0x20000064                Mcu_Configuration
 .data          0x2000006c        0x0 C:\Users\luuph\AppData\Local\Temp\ccBy7jeP.o
 .data          0x2000006c        0x0 C:\Users\luuph\AppData\Local\Temp\ccap3mZL.o
 .data          0x2000006c        0x0 C:\Users\luuph\AppData\Local\Temp\ccvuYveL.o
 .data          0x2000006c        0x8 C:\Users\luuph\AppData\Local\Temp\ccgryLPQ.o
                0x2000006c                SensorConfigType
                0x20000070                ActuatorConfigType
 *(.data*)
                0x20000074                        . = ALIGN (0x4)
                0x20000074                        _edata = .
                0x08002400                        _sidata = LOADADDR (.data)

.igot.plt       0x20000074        0x0 load address 0x08002474
 .igot.plt      0x20000074        0x0 C:\Users\luuph\AppData\Local\Temp\ccfDsJsX.o

.bss            0x20000074       0x24 load address 0x08002474
                0x20000074                        . = ALIGN (0x4)
                0x20000074                        _sbss = .
 *(.bss)
 .bss           0x20000074        0x0 C:\Users\luuph\AppData\Local\Temp\ccfDsJsX.o
 .bss           0x20000074        0x0 C:\Users\luuph\AppData\Local\Temp\ccUK5ad0.o
 .bss           0x20000074        0x4 C:\Users\luuph\AppData\Local\Temp\ccJL2Bib.o
 .bss           0x20000078        0x0 C:\Users\luuph\AppData\Local\Temp\cc4WYxzo.o
 .bss           0x20000078        0x0 C:\Users\luuph\AppData\Local\Temp\ccxI9CzG.o
 .bss           0x20000078        0x0 C:\Users\luuph\AppData\Local\Temp\ccICROKZ.o
 .bss           0x20000078        0x0 C:\Users\luuph\AppData\Local\Temp\ccVlhoDr.o
 .bss           0x20000078        0x0 C:\Users\luuph\AppData\Local\Temp\ccYrVV6U.o
 .bss           0x20000078        0xc C:\Users\luuph\AppData\Local\Temp\cc3QiqPz.o
 .bss           0x20000084       0x10 C:\Users\luuph\AppData\Local\Temp\cce7fK9f.o
                0x2000008c                adcValue0
                0x20000090                adcValue1
 .bss           0x20000094        0x0 C:\Users\luuph\AppData\Local\Temp\cc9SVyh1.o
 .bss           0x20000094        0x0 C:\Users\luuph\AppData\Local\Temp\cc4EDO4S.o
 .bss           0x20000094        0x0 C:\Users\luuph\AppData\Local\Temp\ccBy7jeP.o
 .bss           0x20000094        0x1 C:\Users\luuph\AppData\Local\Temp\ccap3mZL.o
                0x20000094                SystemFlags
 .bss           0x20000095        0x0 C:\Users\luuph\AppData\Local\Temp\ccvuYveL.o
 .bss           0x20000095        0x0 C:\Users\luuph\AppData\Local\Temp\ccgryLPQ.o
 *(.bss*)
 *(COMMON)
                0x20000098                        . = ALIGN (0x4)
 *fill*         0x20000095        0x3 
                0x20000098                        _ebss = .
                0x20000098                        _sheap = .
                0x20005000                        _estack = (ORIGIN (RAM) + LENGTH (RAM))
OUTPUT(firmware.elf elf32-littlearm)
LOAD linker stubs

.debug_info     0x00000000     0x35c2
 .debug_info    0x00000000      0x147 C:\Users\luuph\AppData\Local\Temp\ccfDsJsX.o
 .debug_info    0x00000147      0x43a C:\Users\luuph\AppData\Local\Temp\ccUK5ad0.o
 .debug_info    0x00000581      0x45d C:\Users\luuph\AppData\Local\Temp\ccJL2Bib.o
 .debug_info    0x000009de      0x12c C:\Users\luuph\AppData\Local\Temp\cc4WYxzo.o
 .debug_info    0x00000b0a      0x38d C:\Users\luuph\AppData\Local\Temp\ccxI9CzG.o
 .debug_info    0x00000e97      0x15c C:\Users\luuph\AppData\Local\Temp\ccICROKZ.o
 .debug_info    0x00000ff3      0x4a0 C:\Users\luuph\AppData\Local\Temp\ccVlhoDr.o
 .debug_info    0x00001493      0x1bd C:\Users\luuph\AppData\Local\Temp\ccYrVV6U.o
 .debug_info    0x00001650      0xb05 C:\Users\luuph\AppData\Local\Temp\cc3QiqPz.o
 .debug_info    0x00002155      0x36d C:\Users\luuph\AppData\Local\Temp\cce7fK9f.o
 .debug_info    0x000024c2      0x4fc C:\Users\luuph\AppData\Local\Temp\cc9SVyh1.o
 .debug_info    0x000029be      0x1f1 C:\Users\luuph\AppData\Local\Temp\cc4EDO4S.o
 .debug_info    0x00002baf      0x212 C:\Users\luuph\AppData\Local\Temp\ccBy7jeP.o
 .debug_info    0x00002dc1       0xcf C:\Users\luuph\AppData\Local\Temp\ccap3mZL.o
 .debug_info    0x00002e90      0x5a1 C:\Users\luuph\AppData\Local\Temp\ccvuYveL.o
 .debug_info    0x00003431      0x191 C:\Users\luuph\AppData\Local\Temp\ccgryLPQ.o

.debug_abbrev   0x00000000     0x1037
 .debug_abbrev  0x00000000       0xe7 C:\Users\luuph\AppData\Local\Temp\ccfDsJsX.o
 .debug_abbrev  0x000000e7      0x133 C:\Users\luuph\AppData\Local\Temp\ccUK5ad0.o
 .debug_abbrev  0x0000021a      0x153 C:\Users\luuph\AppData\Local\Temp\ccJL2Bib.o
 .debug_abbrev  0x0000036d       0x8b C:\Users\luuph\AppData\Local\Temp\cc4WYxzo.o
 .debug_abbrev  0x000003f8      0x17c C:\Users\luuph\AppData\Local\Temp\ccxI9CzG.o
 .debug_abbrev  0x00000574       0xaa C:\Users\luuph\AppData\Local\Temp\ccICROKZ.o
 .debug_abbrev  0x0000061e      0x16e C:\Users\luuph\AppData\Local\Temp\ccVlhoDr.o
 .debug_abbrev  0x0000078c       0xb1 C:\Users\luuph\AppData\Local\Temp\ccYrVV6U.o
 .debug_abbrev  0x0000083d      0x24e C:\Users\luuph\AppData\Local\Temp\cc3QiqPz.o
 .debug_abbrev  0x00000a8b       0xd1 C:\Users\luuph\AppData\Local\Temp\cce7fK9f.o
 .debug_abbrev  0x00000b5c      0x123 C:\Users\luuph\AppData\Local\Temp\cc9SVyh1.o
 .debug_abbrev  0x00000c7f       0xbe C:\Users\luuph\AppData\Local\Temp\cc4EDO4S.o
 .debug_abbrev  0x00000d3d       0xb1 C:\Users\luuph\AppData\Local\Temp\ccBy7jeP.o
 .debug_abbrev  0x00000dee       0x77 C:\Users\luuph\AppData\Local\Temp\ccap3mZL.o
 .debug_abbrev  0x00000e65      0x12b C:\Users\luuph\AppData\Local\Temp\ccvuYveL.o
 .debug_abbrev  0x00000f90       0xa7 C:\Users\luuph\AppData\Local\Temp\ccgryLPQ.o

.debug_aranges  0x00000000      0x1c8
 .debug_aranges
                0x00000000       0x20 C:\Users\luuph\AppData\Local\Temp\ccfDsJsX.o
 .debug_aranges
                0x00000020       0x20 C:\Users\luuph\AppData\Local\Temp\ccUK5ad0.o
 .debug_aranges
                0x00000040       0x20 C:\Users\luuph\AppData\Local\Temp\ccJL2Bib.o
 .debug_aranges
                0x00000060       0x18 C:\Users\luuph\AppData\Local\Temp\cc4WYxzo.o
 .debug_aranges
                0x00000078       0x20 C:\Users\luuph\AppData\Local\Temp\ccxI9CzG.o
 .debug_aranges
                0x00000098       0x18 C:\Users\luuph\AppData\Local\Temp\ccICROKZ.o
 .debug_aranges
                0x000000b0       0x20 C:\Users\luuph\AppData\Local\Temp\ccVlhoDr.o
 .debug_aranges
                0x000000d0       0x18 C:\Users\luuph\AppData\Local\Temp\ccYrVV6U.o
 .debug_aranges
                0x000000e8       0x20 C:\Users\luuph\AppData\Local\Temp\cc3QiqPz.o
 .debug_aranges
                0x00000108       0x18 C:\Users\luuph\AppData\Local\Temp\cce7fK9f.o
 .debug_aranges
                0x00000120       0x20 C:\Users\luuph\AppData\Local\Temp\cc9SVyh1.o
 .debug_aranges
                0x00000140       0x18 C:\Users\luuph\AppData\Local\Temp\cc4EDO4S.o
 .debug_aranges
                0x00000158       0x20 C:\Users\luuph\AppData\Local\Temp\ccBy7jeP.o
 .debug_aranges
                0x00000178       0x18 C:\Users\luuph\AppData\Local\Temp\ccap3mZL.o
 .debug_aranges
                0x00000190       0x20 C:\Users\luuph\AppData\Local\Temp\ccvuYveL.o
 .debug_aranges
                0x000001b0       0x18 C:\Users\luuph\AppData\Local\Temp\ccgryLPQ.o

.debug_line     0x00000000     0x2749
 .debug_line    0x00000000      0x154 C:\Users\luuph\AppData\Local\Temp\ccfDsJsX.o
 .debug_line    0x00000154      0x230 C:\Users\luuph\AppData\Local\Temp\ccUK5ad0.o
 .debug_line    0x00000384      0x2c3 C:\Users\luuph\AppData\Local\Temp\ccJL2Bib.o
 .debug_line    0x00000647      0x150 C:\Users\luuph\AppData\Local\Temp\cc4WYxzo.o
 .debug_line    0x00000797      0x4e8 C:\Users\luuph\AppData\Local\Temp\ccxI9CzG.o
 .debug_line    0x00000c7f      0x127 C:\Users\luuph\AppData\Local\Temp\ccICROKZ.o
 .debug_line    0x00000da6      0x4b6 C:\Users\luuph\AppData\Local\Temp\ccVlhoDr.o
 .debug_line    0x0000125c      0x131 C:\Users\luuph\AppData\Local\Temp\ccYrVV6U.o
 .debug_line    0x0000138d      0x80e C:\Users\luuph\AppData\Local\Temp\cc3QiqPz.o
 .debug_line    0x00001b9b      0x175 C:\Users\luuph\AppData\Local\Temp\cce7fK9f.o
 .debug_line    0x00001d10      0x32d C:\Users\luuph\AppData\Local\Temp\cc9SVyh1.o
 .debug_line    0x0000203d      0x128 C:\Users\luuph\AppData\Local\Temp\cc4EDO4S.o
 .debug_line    0x00002165      0x161 C:\Users\luuph\AppData\Local\Temp\ccBy7jeP.o
 .debug_line    0x000022c6      0x11a C:\Users\luuph\AppData\Local\Temp\ccap3mZL.o
 .debug_line    0x000023e0      0x1ff C:\Users\luuph\AppData\Local\Temp\ccvuYveL.o
 .debug_line    0x000025df      0x16a C:\Users\luuph\AppData\Local\Temp\ccgryLPQ.o

.debug_str      0x00000000     0x135b
 .debug_str     0x00000000     0x135b C:\Users\luuph\AppData\Local\Temp\ccfDsJsX.o
                                0x18c (size before relaxing)
 .debug_str     0x0000135b      0x3ef C:\Users\luuph\AppData\Local\Temp\ccUK5ad0.o
 .debug_str     0x0000135b      0x35e C:\Users\luuph\AppData\Local\Temp\ccJL2Bib.o
 .debug_str     0x0000135b      0x1a4 C:\Users\luuph\AppData\Local\Temp\cc4WYxzo.o
 .debug_str     0x0000135b      0x313 C:\Users\luuph\AppData\Local\Temp\ccxI9CzG.o
 .debug_str     0x0000135b      0x1b8 C:\Users\luuph\AppData\Local\Temp\ccICROKZ.o
 .debug_str     0x0000135b      0x377 C:\Users\luuph\AppData\Local\Temp\ccVlhoDr.o
 .debug_str     0x0000135b      0x28a C:\Users\luuph\AppData\Local\Temp\ccYrVV6U.o
 .debug_str     0x0000135b      0x9a0 C:\Users\luuph\AppData\Local\Temp\cc3QiqPz.o
 .debug_str     0x0000135b      0x41e C:\Users\luuph\AppData\Local\Temp\cce7fK9f.o
 .debug_str     0x0000135b      0x37e C:\Users\luuph\AppData\Local\Temp\cc9SVyh1.o
 .debug_str     0x0000135b      0x26e C:\Users\luuph\AppData\Local\Temp\cc4EDO4S.o
 .debug_str     0x0000135b      0x1ec C:\Users\luuph\AppData\Local\Temp\ccBy7jeP.o
 .debug_str     0x0000135b      0x165 C:\Users\luuph\AppData\Local\Temp\ccap3mZL.o
 .debug_str     0x0000135b      0x641 C:\Users\luuph\AppData\Local\Temp\ccvuYveL.o
 .debug_str     0x0000135b      0x1e7 C:\Users\luuph\AppData\Local\Temp\ccgryLPQ.o

.comment        0x00000000       0x45
 .comment       0x00000000       0x45 C:\Users\luuph\AppData\Local\Temp\ccfDsJsX.o
                                 0x46 (size before relaxing)
 .comment       0x00000045       0x46 C:\Users\luuph\AppData\Local\Temp\ccUK5ad0.o
 .comment       0x00000045       0x46 C:\Users\luuph\AppData\Local\Temp\ccJL2Bib.o
 .comment       0x00000045       0x46 C:\Users\luuph\AppData\Local\Temp\cc4WYxzo.o
 .comment       0x00000045       0x46 C:\Users\luuph\AppData\Local\Temp\ccxI9CzG.o
 .comment       0x00000045       0x46 C:\Users\luuph\AppData\Local\Temp\ccICROKZ.o
 .comment       0x00000045       0x46 C:\Users\luuph\AppData\Local\Temp\ccVlhoDr.o
 .comment       0x00000045       0x46 C:\Users\luuph\AppData\Local\Temp\ccYrVV6U.o
 .comment       0x00000045       0x46 C:\Users\luuph\AppData\Local\Temp\cc3QiqPz.o
 .comment       0x00000045       0x46 C:\Users\luuph\AppData\Local\Temp\cce7fK9f.o
 .comment       0x00000045       0x46 C:\Users\luuph\AppData\Local\Temp\cc9SVyh1.o
 .comment       0x00000045       0x46 C:\Users\luuph\AppData\Local\Temp\cc4EDO4S.o
 .comment       0x00000045       0x46 C:\Users\luuph\AppData\Local\Temp\ccBy7jeP.o
 .comment       0x00000045       0x46 C:\Users\luuph\AppData\Local\Temp\ccap3mZL.o
 .comment       0x00000045       0x46 C:\Users\luuph\AppData\Local\Temp\ccvuYveL.o
 .comment       0x00000045       0x46 C:\Users\luuph\AppData\Local\Temp\ccgryLPQ.o

.ARM.attributes
                0x00000000       0x2d
 .ARM.attributes
                0x00000000       0x2d C:\Users\luuph\AppData\Local\Temp\ccfDsJsX.o
 .ARM.attributes
                0x0000002d       0x2d C:\Users\luuph\AppData\Local\Temp\ccUK5ad0.o
 .ARM.attributes
                0x0000005a       0x2d C:\Users\luuph\AppData\Local\Temp\ccJL2Bib.o
 .ARM.attributes
                0x00000087       0x2d C:\Users\luuph\AppData\Local\Temp\cc4WYxzo.o
 .ARM.attributes
                0x000000b4       0x2d C:\Users\luuph\AppData\Local\Temp\ccxI9CzG.o
 .ARM.attributes
                0x000000e1       0x2d C:\Users\luuph\AppData\Local\Temp\ccICROKZ.o
 .ARM.attributes
                0x0000010e       0x2d C:\Users\luuph\AppData\Local\Temp\ccVlhoDr.o
 .ARM.attributes
                0x0000013b       0x2d C:\Users\luuph\AppData\Local\Temp\ccYrVV6U.o
 .ARM.attributes
                0x00000168       0x2d C:\Users\luuph\AppData\Local\Temp\cc3QiqPz.o
 .ARM.attributes
                0x00000195       0x2d C:\Users\luuph\AppData\Local\Temp\cce7fK9f.o
 .ARM.attributes
                0x000001c2       0x2d C:\Users\luuph\AppData\Local\Temp\cc9SVyh1.o
 .ARM.attributes
                0x000001ef       0x2d C:\Users\luuph\AppData\Local\Temp\cc4EDO4S.o
 .ARM.attributes
                0x0000021c       0x2d C:\Users\luuph\AppData\Local\Temp\ccBy7jeP.o
 .ARM.attributes
                0x00000249       0x2d C:\Users\luuph\AppData\Local\Temp\ccap3mZL.o
 .ARM.attributes
                0x00000276       0x2d C:\Users\luuph\AppData\Local\Temp\ccvuYveL.o
 .ARM.attributes
                0x000002a3       0x2d C:\Users\luuph\AppData\Local\Temp\ccgryLPQ.o

.debug_frame    0x00000000      0x7a0
 .debug_frame   0x00000000       0x48 C:\Users\luuph\AppData\Local\Temp\ccfDsJsX.o
 .debug_frame   0x00000048       0x54 C:\Users\luuph\AppData\Local\Temp\ccUK5ad0.o
 .debug_frame   0x0000009c      0x178 C:\Users\luuph\AppData\Local\Temp\ccJL2Bib.o
 .debug_frame   0x00000214       0xec C:\Users\luuph\AppData\Local\Temp\ccxI9CzG.o
 .debug_frame   0x00000300      0x110 C:\Users\luuph\AppData\Local\Temp\ccVlhoDr.o
 .debug_frame   0x00000410      0x208 C:\Users\luuph\AppData\Local\Temp\cc3QiqPz.o
 .debug_frame   0x00000618       0xb0 C:\Users\luuph\AppData\Local\Temp\cc9SVyh1.o
 .debug_frame   0x000006c8       0x38 C:\Users\luuph\AppData\Local\Temp\ccBy7jeP.o
 .debug_frame   0x00000700       0xa0 C:\Users\luuph\AppData\Local\Temp\ccvuYveL.o
