
Memory Configuration

Name             Origin             Length             Attributes
FLASH            0x08000000         0x00010000         xr
RAM              0x20000000         0x00005000         xrw
*default*        0x00000000         0xffffffff

Linker script and memory map

LOAD C:\Users\PHUCLU~1\AppData\Local\Temp\ccCxq7XY.o
LOAD C:\Users\PHUCLU~1\AppData\Local\Temp\ccZvq62u.o
LOAD C:\Users\PHUCLU~1\AppData\Local\Temp\ccc3SJk4.o
LOAD C:\Users\PHUCLU~1\AppData\Local\Temp\cc7aT4RL.o
LOAD C:\Users\PHUCLU~1\AppData\Local\Temp\cc4tKmZA.o
LOAD C:\Users\PHUCLU~1\AppData\Local\Temp\cchZZF7I.o

.isr_vector     0x08000000       0xe4
                0x08000000                . = ALIGN (0x4)
 *(.isr_vector)
 .isr_vector    0x08000000       0xe4 C:\Users\PHUCLU~1\AppData\Local\Temp\ccc3SJk4.o
                0x08000000                g_pfnVectors
                0x080000e4                . = ALIGN (0x4)

.text           0x080000e4     0x1eb8
                0x080000e4                . = ALIGN (0x4)
 *(.text)
 .text          0x080000e4       0xb8 C:\Users\PHUCLU~1\AppData\Local\Temp\ccCxq7XY.o
                0x080000e4                delay
                0x08000104                main
 .text          0x0800019c      0x2c4 C:\Users\PHUCLU~1\AppData\Local\Temp\ccZvq62u.o
                0x0800019c                Dio_ReadChannel
                0x080001e8                Dio_WriteChannel
                0x08000278                Dio_ReadPort
                0x0800029c                Dio_WritePort
                0x080002c8                Dio_ReadChannelGroup
                0x08000304                Dio_WriteChannelGroup
                0x0800035c                Dio_GetVersionInfo
                0x08000394                Dio_FlipChannel
                0x0800040c                Dio_MaskedWritePort
 .text          0x08000460       0x64 C:\Users\PHUCLU~1\AppData\Local\Temp\ccc3SJk4.o
                0x08000460                Reset_Handler
                0x080004bc                HardFault_Handler
                0x080004bc                SysTick_Handler
                0x080004bc                PVD_IRQHandler
                0x080004bc                PendSV_Handler
                0x080004bc                NMI_Handler
                0x080004bc                EXTI0_IRQHandler
                0x080004bc                UsageFault_Handler
                0x080004bc                DebugMon_Handler
                0x080004bc                TIM3_IRQHandler
                0x080004bc                Default_Handler
                0x080004bc                EXTI15_10_IRQHandler
                0x080004bc                MemManage_Handler
                0x080004bc                SVC_Handler
                0x080004bc                WWDG_IRQHandler
                0x080004bc                TIM2_IRQHandler
                0x080004bc                EXTI1_IRQHandler
                0x080004bc                BusFault_Handler
                0x080004bc                USART1_IRQHandler
 .text          0x080004c4      0x808 C:\Users\PHUCLU~1\AppData\Local\Temp\cc7aT4RL.o
                0x080004c4                Port_Init
                0x080006a0                Port_SetPinDirection
                0x08000948                Port_RefreshPortDirection
                0x08000b3c                Port_GetVersionInfo
                0x08000b4e                Port_SetPinMode
 .text          0x08000ccc      0x730 C:\Users\PHUCLU~1\AppData\Local\Temp\cc4tKmZA.o
                0x08000ccc                get_CCRx
                0x08000d10                Pwm_Init
                0x08001190                Pwm_DeInit
                0x080011ac                Pwm_SetDutyCycle
                0x08001268                Pwm_SetPeriodAndDuty
                0x08001330                Pwm_SetOutputToIdle
                0x08001394                Pwm_GetOutputState
 .text          0x080013fc      0xb8c C:\Users\PHUCLU~1\AppData\Local\Temp\cchZZF7I.o
                0x080013fc                Adc_Init
                0x08001500                Adc_DeInit
                0x0800153c                Adc_SetupResultBuffer
                0x08001650                Adc_StartGroupConversion
                0x08001c34                Adc_StopGroupConversion
                0x08001c78                Adc_ReadGroup
                0x08001d48                Adc_EnableHardwareTrigger
                0x08001dd0                Adc_DisableHardwareTrigger
                0x08001e58                Adc_EnableGroupNotification
                0x08001ee0                Adc_DisableGroupNotification
                0x08001f68                Adc_GetGroupStatus
 *(.text*)
 *(.rodata)
 .rodata        0x08001f88       0x14 C:\Users\PHUCLU~1\AppData\Local\Temp\ccCxq7XY.o
                0x08001f88                Port_Configuration
 *(.rodata*)
                0x08001f9c                . = ALIGN (0x4)
                0x08001f9c                _etext = .

.glue_7         0x08001f9c        0x0
 .glue_7        0x08001f9c        0x0 linker stubs

.glue_7t        0x08001f9c        0x0
 .glue_7t       0x08001f9c        0x0 linker stubs

.vfp11_veneer   0x08001f9c        0x0
 .vfp11_veneer  0x08001f9c        0x0 linker stubs

.v4_bx          0x08001f9c        0x0
 .v4_bx         0x08001f9c        0x0 linker stubs

.iplt           0x08001f9c        0x0
 .iplt          0x08001f9c        0x0 C:\Users\PHUCLU~1\AppData\Local\Temp\ccCxq7XY.o

.rel.dyn        0x08001f9c        0x0
 .rel.iplt      0x08001f9c        0x0 C:\Users\PHUCLU~1\AppData\Local\Temp\ccCxq7XY.o

.data           0x20000000       0x68 load address 0x08001f9c
                0x20000000                . = ALIGN (0x4)
                0x20000000                _sdata = .
 *(.data)
 .data          0x20000000       0x40 C:\Users\PHUCLU~1\AppData\Local\Temp\ccCxq7XY.o
                0x20000000                Adc_Group0_List
                0x20000004                Adc_Group0_Reference
                0x20000008                Adc_Group1_List
                0x2000000c                Adc_Group1_Reference
                0x20000010                Adc_Common_Configuration
                0x20000018                Adc_Configuration
 .data          0x20000040       0x10 C:\Users\PHUCLU~1\AppData\Local\Temp\ccZvq62u.o
 .data          0x20000050        0x0 C:\Users\PHUCLU~1\AppData\Local\Temp\ccc3SJk4.o
 .data          0x20000050       0x10 C:\Users\PHUCLU~1\AppData\Local\Temp\cc7aT4RL.o
 .data          0x20000060        0x0 C:\Users\PHUCLU~1\AppData\Local\Temp\cc4tKmZA.o
 .data          0x20000060        0x8 C:\Users\PHUCLU~1\AppData\Local\Temp\cchZZF7I.o
 *(.data*)
                0x20000068                . = ALIGN (0x4)
                0x20000068                _edata = .
                0x08001f9c                _sidata = LOADADDR (.data)

.igot.plt       0x20000068        0x0 load address 0x08002004
 .igot.plt      0x20000068        0x0 C:\Users\PHUCLU~1\AppData\Local\Temp\ccCxq7XY.o

.bss            0x20000068       0x28 load address 0x08002004
                0x20000068                . = ALIGN (0x4)
                0x20000068                _sbss = .
 *(.bss)
 .bss           0x20000068       0x11 C:\Users\PHUCLU~1\AppData\Local\Temp\ccCxq7XY.o
                0x20000068                Count
                0x2000006c                adcValue
                0x20000070                adcValue0
                0x20000074                adcValue1
                0x20000078                status
 *fill*         0x20000079        0x3 
 .bss           0x2000007c        0x4 C:\Users\PHUCLU~1\AppData\Local\Temp\ccZvq62u.o
 .bss           0x20000080        0x0 C:\Users\PHUCLU~1\AppData\Local\Temp\ccc3SJk4.o
 .bss           0x20000080        0x0 C:\Users\PHUCLU~1\AppData\Local\Temp\cc7aT4RL.o
 .bss           0x20000080        0x0 C:\Users\PHUCLU~1\AppData\Local\Temp\cc4tKmZA.o
 .bss           0x20000080       0x10 C:\Users\PHUCLU~1\AppData\Local\Temp\cchZZF7I.o
 *(.bss*)
 *(COMMON)
                0x20000090                . = ALIGN (0x4)
                0x20000090                _ebss = .
                0x20000090                _sheap = .
                0x20005000                _estack = (ORIGIN (RAM) + LENGTH (RAM))
OUTPUT(firmware.elf elf32-littlearm)
LOAD linker stubs

.debug_info     0x00000000     0x1c7e
 .debug_info    0x00000000      0x5a6 C:\Users\PHUCLU~1\AppData\Local\Temp\ccCxq7XY.o
 .debug_info    0x000005a6      0x490 C:\Users\PHUCLU~1\AppData\Local\Temp\ccZvq62u.o
 .debug_info    0x00000a36      0x14c C:\Users\PHUCLU~1\AppData\Local\Temp\ccc3SJk4.o
 .debug_info    0x00000b82      0x3b5 C:\Users\PHUCLU~1\AppData\Local\Temp\cc7aT4RL.o
 .debug_info    0x00000f37      0x4f6 C:\Users\PHUCLU~1\AppData\Local\Temp\cc4tKmZA.o
 .debug_info    0x0000142d      0x851 C:\Users\PHUCLU~1\AppData\Local\Temp\cchZZF7I.o

.debug_abbrev   0x00000000      0x807
 .debug_abbrev  0x00000000      0x172 C:\Users\PHUCLU~1\AppData\Local\Temp\ccCxq7XY.o
 .debug_abbrev  0x00000172      0x14b C:\Users\PHUCLU~1\AppData\Local\Temp\ccZvq62u.o
 .debug_abbrev  0x000002bd       0xcf C:\Users\PHUCLU~1\AppData\Local\Temp\ccc3SJk4.o
 .debug_abbrev  0x0000038c      0x170 C:\Users\PHUCLU~1\AppData\Local\Temp\cc7aT4RL.o
 .debug_abbrev  0x000004fc      0x167 C:\Users\PHUCLU~1\AppData\Local\Temp\cc4tKmZA.o
 .debug_abbrev  0x00000663      0x1a4 C:\Users\PHUCLU~1\AppData\Local\Temp\cchZZF7I.o

.debug_aranges  0x00000000       0xc0
 .debug_aranges
                0x00000000       0x20 C:\Users\PHUCLU~1\AppData\Local\Temp\ccCxq7XY.o
 .debug_aranges
                0x00000020       0x20 C:\Users\PHUCLU~1\AppData\Local\Temp\ccZvq62u.o
 .debug_aranges
                0x00000040       0x20 C:\Users\PHUCLU~1\AppData\Local\Temp\ccc3SJk4.o
 .debug_aranges
                0x00000060       0x20 C:\Users\PHUCLU~1\AppData\Local\Temp\cc7aT4RL.o
 .debug_aranges
                0x00000080       0x20 C:\Users\PHUCLU~1\AppData\Local\Temp\cc4tKmZA.o
 .debug_aranges
                0x000000a0       0x20 C:\Users\PHUCLU~1\AppData\Local\Temp\cchZZF7I.o

.debug_line     0x00000000     0x17d6
 .debug_line    0x00000000      0x1e2 C:\Users\PHUCLU~1\AppData\Local\Temp\ccCxq7XY.o
 .debug_line    0x000001e2      0x2f5 C:\Users\PHUCLU~1\AppData\Local\Temp\ccZvq62u.o
 .debug_line    0x000004d7      0x186 C:\Users\PHUCLU~1\AppData\Local\Temp\ccc3SJk4.o
 .debug_line    0x0000065d      0x510 C:\Users\PHUCLU~1\AppData\Local\Temp\cc7aT4RL.o
 .debug_line    0x00000b6d      0x4b4 C:\Users\PHUCLU~1\AppData\Local\Temp\cc4tKmZA.o
 .debug_line    0x00001021      0x7b5 C:\Users\PHUCLU~1\AppData\Local\Temp\cchZZF7I.o

.debug_str      0x00000000      0xbdf
 .debug_str     0x00000000      0x4db C:\Users\PHUCLU~1\AppData\Local\Temp\ccCxq7XY.o
                                0x53f (size before relaxing)
 .debug_str     0x000004db      0x1e1 C:\Users\PHUCLU~1\AppData\Local\Temp\ccZvq62u.o
                                0x37a (size before relaxing)
 .debug_str     0x000006bc       0x70 C:\Users\PHUCLU~1\AppData\Local\Temp\ccc3SJk4.o
                                0x1a1 (size before relaxing)
 .debug_str     0x0000072c       0xb8 C:\Users\PHUCLU~1\AppData\Local\Temp\cc7aT4RL.o
                                0x32f (size before relaxing)
 .debug_str     0x000007e4      0x20f C:\Users\PHUCLU~1\AppData\Local\Temp\cc4tKmZA.o
                                0x393 (size before relaxing)
 .debug_str     0x000009f3      0x1ec C:\Users\PHUCLU~1\AppData\Local\Temp\cchZZF7I.o
                                0x634 (size before relaxing)

.comment        0x00000000       0x49
 .comment       0x00000000       0x49 C:\Users\PHUCLU~1\AppData\Local\Temp\ccCxq7XY.o
                                 0x4a (size before relaxing)
 .comment       0x00000049       0x4a C:\Users\PHUCLU~1\AppData\Local\Temp\ccZvq62u.o
 .comment       0x00000049       0x4a C:\Users\PHUCLU~1\AppData\Local\Temp\ccc3SJk4.o
 .comment       0x00000049       0x4a C:\Users\PHUCLU~1\AppData\Local\Temp\cc7aT4RL.o
 .comment       0x00000049       0x4a C:\Users\PHUCLU~1\AppData\Local\Temp\cc4tKmZA.o
 .comment       0x00000049       0x4a C:\Users\PHUCLU~1\AppData\Local\Temp\cchZZF7I.o

.ARM.attributes
                0x00000000       0x2d
 .ARM.attributes
                0x00000000       0x2d C:\Users\PHUCLU~1\AppData\Local\Temp\ccCxq7XY.o
 .ARM.attributes
                0x0000002d       0x2d C:\Users\PHUCLU~1\AppData\Local\Temp\ccZvq62u.o
 .ARM.attributes
                0x0000005a       0x2d C:\Users\PHUCLU~1\AppData\Local\Temp\ccc3SJk4.o
 .ARM.attributes
                0x00000087       0x2d C:\Users\PHUCLU~1\AppData\Local\Temp\cc7aT4RL.o
 .ARM.attributes
                0x000000b4       0x2d C:\Users\PHUCLU~1\AppData\Local\Temp\cc4tKmZA.o
 .ARM.attributes
                0x000000e1       0x2d C:\Users\PHUCLU~1\AppData\Local\Temp\cchZZF7I.o

.debug_frame    0x00000000      0x5d4
 .debug_frame   0x00000000       0x54 C:\Users\PHUCLU~1\AppData\Local\Temp\ccCxq7XY.o
 .debug_frame   0x00000054      0x178 C:\Users\PHUCLU~1\AppData\Local\Temp\ccZvq62u.o
 .debug_frame   0x000001cc       0x48 C:\Users\PHUCLU~1\AppData\Local\Temp\ccc3SJk4.o
 .debug_frame   0x00000214       0xec C:\Users\PHUCLU~1\AppData\Local\Temp\cc7aT4RL.o
 .debug_frame   0x00000300      0x110 C:\Users\PHUCLU~1\AppData\Local\Temp\cc4tKmZA.o
 .debug_frame   0x00000410      0x1c4 C:\Users\PHUCLU~1\AppData\Local\Temp\cchZZF7I.o
